       Fresh unicode-ident v1.0.22
       Fresh cfg-if v1.0.4
       Fresh proc-macro2 v1.0.105
       Fresh memchr v2.7.6
       Fresh quote v1.0.43
       Fresh autocfg v1.5.0
       Fresh syn v2.0.114
       Fresh libc v0.2.180
       Fresh libm v0.2.15
       Fresh num-traits v0.2.19
       Fresh zerocopy-derive v0.8.33
       Fresh crossbeam-utils v0.8.21
       Fresh zerocopy v0.8.33
       Fresh once_cell v1.21.3
       Fresh equivalent v1.0.2
       Fresh ppv-lite86 v0.2.21
       Fresh serde_derive v1.0.228
       Fresh crossbeam-epoch v0.9.18
       Fresh bytemuck_derive v1.10.2
       Fresh either v1.15.0
       Fresh getrandom v0.3.4
       Fresh bytemuck v1.24.0
       Fresh crossbeam-deque v0.8.6
       Fresh crossbeam-channel v0.5.15
       Fresh pin-project-lite v0.2.16
       Fresh rayon-core v1.13.0
       Fresh rand_core v0.9.5
       Fresh unicode-segmentation v1.12.0
       Fresh rand_chacha v0.9.0
       Fresh rayon v1.11.0
       Fresh convert_case v0.10.0
       Fresh portable-atomic v1.13.0
       Fresh unicode-xid v0.2.6
       Fresh scopeguard v1.2.0
       Fresh lock_api v0.4.14
       Fresh derive_more-impl v2.1.1
       Fresh rand v0.9.2
       Fresh half v2.7.1
       Fresh derive-new v0.7.0
       Fresh parking v2.2.1
       Fresh allocator-api2 v0.2.21
       Fresh fastrand v2.3.0
       Fresh adler2 v2.0.1
       Fresh foldhash v0.1.5
       Fresh simd-adler32 v0.3.8
       Fresh futures-io v0.3.31
       Fresh strsim v0.11.1
       Fresh futures-core v0.3.31
       Fresh miniz_oxide v0.8.9
       Fresh futures-lite v2.6.1
       Fresh hashbrown v0.15.5
       Fresh zmij v1.0.15
       Fresh crc32fast v1.5.0
       Fresh spin v0.10.0
       Fresh derive_more v2.1.1
       Fresh num-integer v0.1.46
       Fresh zlib-rs v0.5.5
       Fresh itoa v1.0.17
       Fresh embassy-futures v0.1.2
       Fresh web-time v1.1.0
       Fresh flate2 v1.1.8
       Fresh cubecl-common v0.6.0
       Fresh ident_case v1.0.1
       Fresh log v0.4.29
       Fresh fnv v1.0.7
       Fresh darling_core v0.20.11
       Fresh burn-common v0.18.0
       Fresh rand_distr v0.5.1
       Fresh thread-tree v0.3.3
       Fresh serde_bytes v0.11.19
       Fresh num-complex v0.4.6
       Fresh num_cpus v1.17.0
       Fresh aho-corasick v1.1.4
       Fresh rawpointer v0.2.1
       Fresh semver v1.0.27
       Fresh colored v3.1.1
       Fresh regex-syntax v0.8.8
       Fresh hashbrown v0.16.1
       Fresh matrixmultiply v0.3.10
       Fresh burn-tensor v0.18.0
       Fresh indexmap v2.13.0
       Fresh regex-automata v0.4.13
       Fresh rustc_version v0.4.1
       Fresh darling_macro v0.20.11
       Fresh serde_core v1.0.228
       Fresh grep-matcher v0.1.8
       Fresh encoding_rs v0.8.35
       Fresh cfg_aliases v0.2.1
       Fresh version_check v0.9.5
       Fresh encoding_rs_io v0.1.7
       Fresh darling v0.20.11
       Fresh getrandom v0.2.17
       Fresh memmap2 v0.9.9
       Fresh bstr v1.12.1
       Fresh termcolor v1.4.1
       Fresh bytes v1.11.0
       Fresh utf8parse v0.2.2
       Fresh grep-searcher v0.1.16
       Fresh noodles-bgzf v0.45.0
       Fresh anstyle-parse v0.2.7
       Fresh noodles-core v0.18.0
       Fresh rand_core v0.6.4
       Fresh macerator-macros v0.1.3
       Fresh paste v1.0.15
       Fresh serde v1.0.228
       Fresh ndarray v0.16.1
       Fresh globset v0.4.18
       Fresh tracing-core v0.1.36
       Fresh rmp v0.8.15
       Fresh unty v0.0.4
       Fresh colorchoice v1.0.4
       Fresh anstyle v1.0.13
       Fresh anstyle-query v1.1.5
       Fresh moddef v0.3.0
       Fresh is_terminal_polyfill v1.70.2
       Fresh bit-vec v0.8.0
       Fresh macerator v0.2.9
       Fresh noodles-csi v0.53.0
       Fresh anstream v0.6.21
       Fresh rmp-serde v1.3.1
       Fresh bincode v2.0.1
       Fresh grep-printer v0.3.1
       Fresh grep-cli v0.1.12
       Fresh ahash v0.8.12
       Fresh rand_chacha v0.3.1
       Fresh serde_json v1.0.149
       Fresh grep-regex v0.1.14
       Fresh burn-ir v0.18.0
       Fresh burn-autodiff v0.18.0
       Fresh burn-derive v0.18.0
       Fresh itertools v0.14.0
       Fresh tracing-attributes v0.1.31
       Fresh data-encoding v2.10.0
       Fresh atomic_float v1.1.0
       Fresh strength_reduce v0.2.4
       Fresh seq-macro v0.3.6
       Fresh lazy_static v1.5.0
       Fresh unicode-width v0.2.0
       Fresh uuid v1.19.0
       Fresh same-file v1.0.6
       Fresh console v0.16.2
       Fresh walkdir v2.5.0
       Fresh sharded-slab v0.1.7
       Fresh burn-core v0.18.0
       Fresh transpose v0.2.3
       Fresh burn-ndarray v0.18.0
       Fresh tracing v0.1.44
       Fresh grep v0.4.1
       Fresh rand v0.8.5
       Fresh noodles-tabix v0.59.0
       Fresh tracing-log v0.2.0
       Fresh matchers v0.2.0
       Fresh regex v1.12.2
       Fresh primal-check v0.3.4
       Fresh itertools v0.13.0
       Fresh noisy_float v0.2.1
       Fresh equator-macro v0.4.2
       Fresh thread_local v1.1.9
       Fresh percent-encoding v2.3.2
       Fresh heck v0.5.0
       Fresh unit-prefix v0.5.2
       Fresh tap v1.0.1
       Fresh nu-ansi-term v0.50.3
       Fresh smallvec v1.15.1
       Fresh clap_lex v0.7.7
       Fresh clap_builder v4.5.54
       Fresh tracing-subscriber v0.3.22
       Fresh wyz v0.5.1
       Fresh noodles-vcf v0.83.0
       Fresh clap_derive v4.5.49
       Fresh indicatif v0.18.3
       Fresh ndarray-stats v0.6.0
       Fresh equator v0.4.2
       Fresh env_filter v0.1.4
       Fresh rustfft v6.4.1
       Fresh burn v0.18.0
       Fresh radium v0.7.0
       Fresh ndarray v0.17.2
       Fresh safe_arch v1.0.0
       Fresh thiserror-impl v2.0.17
       Fresh funty v2.0.0
       Fresh jiff v0.2.18
       Fresh bitvec v1.0.1
       Fresh wide v1.1.1
       Fresh thiserror v2.0.17
       Fresh env_logger v0.11.8
       Dirty reagle v0.1.0 (/app): the precalculated components changed
   Compiling reagle v0.1.0 (/app)
       Fresh mini-mcmc v0.8.0 (https://github.com/SauersML/general-mcmc#2469d9dd)
       Fresh aligned-vec v0.6.4
       Fresh noodles v0.104.0
       Fresh clap v4.5.54
       Fresh tracing-tree v0.4.1
       Fresh anyhow v1.0.100
       Fresh ryu v1.0.22
     Running `CARGO=/home/jules/.rustup/toolchains/stable-x86_64-unknown-linux-gnu/bin/cargo CARGO_CFG_FEATURE='' CARGO_CFG_PANIC=unwind CARGO_CFG_TARGET_ABI='' CARGO_CFG_TARGET_ARCH=x86_64 CARGO_CFG_TARGET_ENDIAN=little CARGO_CFG_TARGET_ENV=gnu CARGO_CFG_TARGET_FAMILY=unix CARGO_CFG_TARGET_FEATURE=fxsr,sse,sse2 CARGO_CFG_TARGET_HAS_ATOMIC=16,32,64,8,ptr CARGO_CFG_TARGET_OS=linux CARGO_CFG_TARGET_POINTER_WIDTH=64 CARGO_CFG_TARGET_VENDOR=unknown CARGO_CFG_UNIX='' CARGO_ENCODED_RUSTFLAGS='' CARGO_MANIFEST_DIR=/app CARGO_MANIFEST_PATH=/app/Cargo.toml CARGO_PKG_AUTHORS='' CARGO_PKG_DESCRIPTION='High-performance genotype phasing and imputation' CARGO_PKG_HOMEPAGE='' CARGO_PKG_LICENSE='' CARGO_PKG_LICENSE_FILE='' CARGO_PKG_NAME=reagle CARGO_PKG_README=README.md CARGO_PKG_REPOSITORY='https://github.com/SauersML/reagle' CARGO_PKG_RUST_VERSION='' CARGO_PKG_VERSION=0.1.0 CARGO_PKG_VERSION_MAJOR=0 CARGO_PKG_VERSION_MINOR=1 CARGO_PKG_VERSION_PATCH=0 CARGO_PKG_VERSION_PRE='' DEBUG=true HOST=x86_64-unknown-linux-gnu LD_LIBRARY_PATH='/app/target/debug/deps:/app/target/debug:/home/jules/.rustup/toolchains/stable-x86_64-unknown-linux-gnu/lib/rustlib/x86_64-unknown-linux-gnu/lib:/home/jules/.rustup/toolchains/stable-x86_64-unknown-linux-gnu/lib' NUM_JOBS=4 OPT_LEVEL=0 OUT_DIR=/app/target/debug/build/reagle-4074029bb45f29f2/out PROFILE=debug RUSTC=/home/jules/.rustup/toolchains/stable-x86_64-unknown-linux-gnu/bin/rustc RUSTDOC=/home/jules/.rustup/toolchains/stable-x86_64-unknown-linux-gnu/bin/rustdoc TARGET=x86_64-unknown-linux-gnu /app/target/debug/build/reagle-d7849ecc6bca2438/build-script-build`
[reagle 0.1.0] cargo:rustc-link-arg=-Wl,--no-keep-memory
[reagle 0.1.0] cargo:rustc-env=GNOMON_LOW_MEMORY_TOTAL_MEMORY_BYTES=8345706496
[reagle 0.1.0] cargo:rustc-env=GNOMON_LOW_MEMORY_SERIAL_BUILD=1
[reagle 0.1.0] cargo:rustc-cfg=gnomon_low_memory_serial_build
[reagle 0.1.0] cargo:rustc-env=GNOMON_BUILD_TIMESTAMP=1768745865
     Running `CARGO=/home/jules/.rustup/toolchains/stable-x86_64-unknown-linux-gnu/bin/cargo CARGO_CRATE_NAME=reagle CARGO_MANIFEST_DIR=/app CARGO_MANIFEST_PATH=/app/Cargo.toml CARGO_PKG_AUTHORS='' CARGO_PKG_DESCRIPTION='High-performance genotype phasing and imputation' CARGO_PKG_HOMEPAGE='' CARGO_PKG_LICENSE='' CARGO_PKG_LICENSE_FILE='' CARGO_PKG_NAME=reagle CARGO_PKG_README=README.md CARGO_PKG_REPOSITORY='https://github.com/SauersML/reagle' CARGO_PKG_RUST_VERSION='' CARGO_PKG_VERSION=0.1.0 CARGO_PKG_VERSION_MAJOR=0 CARGO_PKG_VERSION_MINOR=1 CARGO_PKG_VERSION_PATCH=0 CARGO_PKG_VERSION_PRE='' CARGO_PRIMARY_PACKAGE=1 CARGO_SBOM_PATH='' GNOMON_BUILD_TIMESTAMP=1768745865 GNOMON_LOW_MEMORY_SERIAL_BUILD=1 GNOMON_LOW_MEMORY_TOTAL_MEMORY_BYTES=8345706496 LD_LIBRARY_PATH='/app/target/debug/deps:/home/jules/.rustup/toolchains/stable-x86_64-unknown-linux-gnu/lib' OUT_DIR=/app/target/debug/build/reagle-4074029bb45f29f2/out /home/jules/.rustup/toolchains/stable-x86_64-unknown-linux-gnu/bin/rustc --crate-name reagle --edition=2024 src/lib.rs --error-format=json --json=diagnostic-rendered-ansi,artifacts,future-incompat --crate-type lib --emit=dep-info,metadata,link -C embed-bitcode=no -C debuginfo=2 --deny=warnings --check-cfg 'cfg(docsrs,test)' --check-cfg 'cfg(feature, values())' -C metadata=7bcc806ab974e62a -C extra-filename=-038425fc7871380c --out-dir /app/target/debug/deps -C incremental=/app/target/debug/incremental -L dependency=/app/target/debug/deps --extern aligned_vec=/app/target/debug/deps/libaligned_vec-2558b9457cf1b610.rmeta --extern anyhow=/app/target/debug/deps/libanyhow-9434f088452f6ecd.rmeta --extern bitvec=/app/target/debug/deps/libbitvec-5b63f54a1d6f7e93.rmeta --extern bytemuck=/app/target/debug/deps/libbytemuck-614bd17161570713.rmeta --extern clap=/app/target/debug/deps/libclap-e395c84a64383829.rmeta --extern env_logger=/app/target/debug/deps/libenv_logger-49be1017b8115d9c.rmeta --extern flate2=/app/target/debug/deps/libflate2-1d74c449a419f46b.rmeta --extern itoa=/app/target/debug/deps/libitoa-69ad6a5eb2b36a0a.rmeta --extern log=/app/target/debug/deps/liblog-ecaeffddd70d5566.rmeta --extern memmap2=/app/target/debug/deps/libmemmap2-574ae690c937a0ef.rmeta --extern mini_mcmc=/app/target/debug/deps/libmini_mcmc-a2461b98334e98b1.rmeta --extern noodles=/app/target/debug/deps/libnoodles-4ce6fa6125cc2068.rmeta --extern rand=/app/target/debug/deps/librand-4e388308980014eb.rmeta --extern rayon=/app/target/debug/deps/librayon-6a24acf7b1db20d3.rmeta --extern ryu=/app/target/debug/deps/libryu-76eb9e1baf7388b3.rmeta --extern serde=/app/target/debug/deps/libserde-d620dfc84e870eae.rmeta --extern serde_json=/app/target/debug/deps/libserde_json-2f81bcd95df8b85a.rmeta --extern thiserror=/app/target/debug/deps/libthiserror-70840b1a79d112f2.rmeta --extern thread_local=/app/target/debug/deps/libthread_local-cd8d55b3aa0ebf61.rmeta --extern tracing=/app/target/debug/deps/libtracing-2aa0dfd2e3f9a87a.rmeta --extern tracing_subscriber=/app/target/debug/deps/libtracing_subscriber-963c662413170f1a.rmeta --extern tracing_tree=/app/target/debug/deps/libtracing_tree-baaeb112413ed41f.rmeta --extern wide=/app/target/debug/deps/libwide-ec1d5bd72f4d4010.rmeta -C link-arg=-Wl,--no-keep-memory --cfg gnomon_low_memory_serial_build`
     Running `CARGO=/home/jules/.rustup/toolchains/stable-x86_64-unknown-linux-gnu/bin/cargo CARGO_BIN_NAME=reagle CARGO_CRATE_NAME=reagle CARGO_MANIFEST_DIR=/app CARGO_MANIFEST_PATH=/app/Cargo.toml CARGO_PKG_AUTHORS='' CARGO_PKG_DESCRIPTION='High-performance genotype phasing and imputation' CARGO_PKG_HOMEPAGE='' CARGO_PKG_LICENSE='' CARGO_PKG_LICENSE_FILE='' CARGO_PKG_NAME=reagle CARGO_PKG_README=README.md CARGO_PKG_REPOSITORY='https://github.com/SauersML/reagle' CARGO_PKG_RUST_VERSION='' CARGO_PKG_VERSION=0.1.0 CARGO_PKG_VERSION_MAJOR=0 CARGO_PKG_VERSION_MINOR=1 CARGO_PKG_VERSION_PATCH=0 CARGO_PKG_VERSION_PRE='' CARGO_PRIMARY_PACKAGE=1 CARGO_SBOM_PATH='' GNOMON_BUILD_TIMESTAMP=1768745865 GNOMON_LOW_MEMORY_SERIAL_BUILD=1 GNOMON_LOW_MEMORY_TOTAL_MEMORY_BYTES=8345706496 LD_LIBRARY_PATH='/app/target/debug/deps:/home/jules/.rustup/toolchains/stable-x86_64-unknown-linux-gnu/lib' OUT_DIR=/app/target/debug/build/reagle-4074029bb45f29f2/out /home/jules/.rustup/toolchains/stable-x86_64-unknown-linux-gnu/bin/rustc --crate-name reagle --edition=2024 src/main.rs --error-format=json --json=diagnostic-rendered-ansi,artifacts,future-incompat --crate-type bin --emit=dep-info,link -C embed-bitcode=no -C debuginfo=2 --deny=warnings --check-cfg 'cfg(docsrs,test)' --check-cfg 'cfg(feature, values())' -C metadata=83e1484ff12a3472 -C extra-filename=-6b3f19f96dbeb421 --out-dir /app/target/debug/deps -C incremental=/app/target/debug/incremental -L dependency=/app/target/debug/deps --extern aligned_vec=/app/target/debug/deps/libaligned_vec-2558b9457cf1b610.rlib --extern anyhow=/app/target/debug/deps/libanyhow-9434f088452f6ecd.rlib --extern bitvec=/app/target/debug/deps/libbitvec-5b63f54a1d6f7e93.rlib --extern bytemuck=/app/target/debug/deps/libbytemuck-614bd17161570713.rlib --extern clap=/app/target/debug/deps/libclap-e395c84a64383829.rlib --extern env_logger=/app/target/debug/deps/libenv_logger-49be1017b8115d9c.rlib --extern flate2=/app/target/debug/deps/libflate2-1d74c449a419f46b.rlib --extern itoa=/app/target/debug/deps/libitoa-69ad6a5eb2b36a0a.rlib --extern log=/app/target/debug/deps/liblog-ecaeffddd70d5566.rlib --extern memmap2=/app/target/debug/deps/libmemmap2-574ae690c937a0ef.rlib --extern mini_mcmc=/app/target/debug/deps/libmini_mcmc-a2461b98334e98b1.rlib --extern noodles=/app/target/debug/deps/libnoodles-4ce6fa6125cc2068.rlib --extern rand=/app/target/debug/deps/librand-4e388308980014eb.rlib --extern rayon=/app/target/debug/deps/librayon-6a24acf7b1db20d3.rlib --extern reagle=/app/target/debug/deps/libreagle-038425fc7871380c.rlib --extern ryu=/app/target/debug/deps/libryu-76eb9e1baf7388b3.rlib --extern serde=/app/target/debug/deps/libserde-d620dfc84e870eae.rlib --extern serde_json=/app/target/debug/deps/libserde_json-2f81bcd95df8b85a.rlib --extern thiserror=/app/target/debug/deps/libthiserror-70840b1a79d112f2.rlib --extern thread_local=/app/target/debug/deps/libthread_local-cd8d55b3aa0ebf61.rlib --extern tracing=/app/target/debug/deps/libtracing-2aa0dfd2e3f9a87a.rlib --extern tracing_subscriber=/app/target/debug/deps/libtracing_subscriber-963c662413170f1a.rlib --extern tracing_tree=/app/target/debug/deps/libtracing_tree-baaeb112413ed41f.rlib --extern wide=/app/target/debug/deps/libwide-ec1d5bd72f4d4010.rlib -C link-arg=-Wl,--no-keep-memory --cfg gnomon_low_memory_serial_build`
    Finished `dev` profile [unoptimized + debuginfo] target(s) in 4.36s
