    Updating crates.io index
    Updating git repository `https://github.com/SauersML/general-mcmc`
     Locking 664 packages to latest Rust 1.91.0 compatible versions
      Adding generic-array v0.14.7 (available: v0.14.9)
      Adding matchit v0.8.4 (available: v0.8.6)
      Adding unicode-width v0.2.0 (available: v0.2.2)
 Downloading crates ...
  Downloaded aligned-vec v0.6.4
  Downloaded adler2 v2.0.1
  Downloaded aligned v0.4.3
  Downloaded bit_field v0.10.3
  Downloaded cubecl-hip v0.6.0
  Downloaded csv-core v0.1.13
  Downloaded fax v0.2.6
  Downloaded generic-array v0.14.7
  Downloaded hexf-parse v0.2.1
  Downloaded http-body v1.0.1
  Downloaded num-complex v0.4.6
  Downloaded num-rational v0.4.2
  Downloaded ravif v0.12.0
  Downloaded subtle v2.6.1
  Downloaded strum v0.27.2
  Downloaded yoke-derive v0.7.5
  Downloaded zerofrom v0.1.6
  Downloaded zmij v1.0.15
  Downloaded wasm-bindgen-macro-support v0.2.108
  Downloaded wgpu-types v25.0.0
  Downloaded y4m v0.8.0
  Downloaded tokio-tungstenite v0.27.0
  Downloaded wyz v0.5.1
  Downloaded zune-core v0.5.1
  Downloaded zerocopy v0.8.33
  Downloaded syn v2.0.114
  Downloaded wgpu-hal v25.0.2
  Downloaded zune-core v0.4.12
  Downloaded zerocopy-derive v0.8.33
  Downloaded tracing v0.1.44
  Downloaded wgpu v25.0.2
  Downloaded time v0.3.45
  Downloaded regex-automata v0.4.13
  Downloaded wgpu-core v25.0.2
  Downloaded tokio v1.49.0
  Downloaded naga v25.0.1
  Downloaded rustix v1.1.3
  Downloaded pxfm v0.1.27
  Downloaded toml_edit v0.23.10+spec-1.0.0
  Downloaded tiff v0.10.3
  Downloaded zune-inflate v0.2.54
  Downloaded tungstenite v0.28.0
  Downloaded typenum v1.19.0
  Downloaded unicode-width v0.2.0
  Downloaded ureq v2.12.1
  Downloaded wide v1.1.1
  Downloaded vcpkg v0.2.15
  Downloaded zerotrie v0.2.3
  Downloaded zstd-sys v2.0.16+zstd.1.5.7
  Downloaded zip v1.1.4
  Downloaded zerovec v0.11.5
  Downloaded zune-jpeg v0.4.21
  Downloaded zune-jpeg v0.5.10
  Downloaded zlib-rs v0.5.5
  Downloaded zip v0.6.6
  Downloaded winnow v0.7.14
  Downloaded unicode-segmentation v1.12.0
  Downloaded unicode-width v0.1.14
  Downloaded tungstenite v0.27.0
  Downloaded tch v0.19.0
  Downloaded ring v0.17.14
  Downloaded zstd-safe v5.0.2+zstd.1.5.2
  Downloaded zstd v0.11.2+zstd.1.5.2
  Downloaded zerovec-derive v0.11.2
  Downloaded rustls v0.23.36
  Downloaded regex-syntax v0.8.8
  Downloaded serde_json v1.0.149
  Downloaded rustix v0.38.44
  Downloaded rustfft v6.4.1
  Downloaded url v2.5.8
  Downloaded unicode-normalization v0.1.25
  Downloaded zeroize v1.8.2
  Downloaded zerofrom-derive v0.1.6
  Downloaded writeable v0.6.2
  Downloaded wrapcenum-derive v0.4.1
  Downloaded webpki-roots v1.0.5
  Downloaded v_frame v0.3.9
  Downloaded uuid v1.19.0
  Downloaded unit-prefix v0.5.2
  Downloaded tracing-subscriber v0.3.22
  Downloaded torch-sys v0.19.0
  Downloaded sysinfo v0.36.1
  Downloaded wasm-bindgen-macro v0.2.108
  Downloaded walkdir v2.5.0
  Downloaded version_check v0.9.5
  Downloaded variadics_please v1.1.0
  Downloaded utf8parse v0.2.2
  Downloaded utf8_iter v1.0.4
  Downloaded utf-8 v0.7.6
  Downloaded unty v0.0.4
  Downloaded untrusted v0.9.0
  Downloaded unicode-truncate v1.1.0
  Downloaded unicode-ident v1.0.22
  Downloaded ug v0.1.0
  Downloaded transpose v0.2.3
  Downloaded tracing-tree v0.4.1
  Downloaded toml_parser v1.0.6+spec-1.1.0
  Downloaded toml v0.9.11+spec-1.1.0
  Downloaded tokio-tungstenite v0.28.0
  Downloaded tokio-macros v2.6.0
  Downloaded ndarray v0.16.1
  Downloaded tinyvec_macros v0.1.1
  Downloaded tinyvec v1.10.0
  Downloaded tinystr v0.8.2
  Downloaded time-macros v0.2.25
  Downloaded thread_local v1.1.9
  Downloaded thiserror-impl v2.0.18
  Downloaded thiserror-impl v1.0.69
  Downloaded thiserror v2.0.18
  Downloaded thiserror v1.0.69
  Downloaded termcolor v1.4.1
  Downloaded tempfile v3.24.0
  Downloaded tap v1.0.1
  Downloaded systemstat v0.2.5
  Downloaded rusqlite v0.37.0
  Downloaded rav1e v0.8.1
  Downloaded portable-atomic v1.13.0
  Downloaded static_assertions v1.1.0
  Downloaded socket2 v0.6.1
  Downloaded regex v1.12.2
  Downloaded rayon v1.11.0
  Downloaded raw-cpuid v11.6.0
  Downloaded ndarray v0.17.2
  Downloaded wasm-bindgen v0.2.108
  Downloaded tower v0.5.3
  Downloaded strum v0.26.3
  Downloaded strsim v0.11.1
  Downloaded strength_reduce v0.2.4
  Downloaded stable_deref_trait v1.2.1
  Downloaded spirv v0.3.0+sdk-1.3.268.0
  Downloaded smallvec v1.15.1
  Downloaded slab v0.4.11
  Downloaded simd_helpers v0.1.0
  Downloaded simd-adler32 v0.3.8
  Downloaded signal-hook-registry v1.4.8
  Downloaded signal-hook-mio v0.2.5
  Downloaded signal-hook v0.3.18
  Downloaded shlex v1.3.0
  Downloaded sha2 v0.10.9
  Downloaded sha1 v0.10.6
  Downloaded serde_urlencoded v0.7.1
  Downloaded serde_spanned v1.0.4
  Downloaded serde_rusqlite v0.40.1
  Downloaded serde_path_to_error v0.1.20
  Downloaded rayon-core v1.13.0
  Downloaded ratatui v0.29.0
  Downloaded rand_distr v0.5.1
  Downloaded rand v0.9.2
  Downloaded pulp v0.21.5
  Downloaded pulp v0.18.22
  Downloaded moxcms v0.7.11
  Downloaded libsqlite3-sys v0.35.0
  Downloaded unicode-xid v0.2.6
  Downloaded serde v1.0.228
  Downloaded safe_arch v1.0.0
  Downloaded rstest_macros v0.25.0
  Downloaded rstest v0.25.0
  Downloaded raw-cpuid v10.7.0
  Downloaded rand v0.8.5
  Downloaded png v0.18.0
  Downloaded yoke v0.8.1
  Downloaded weezl v0.1.12
  Downloaded tracing-core v0.1.36
  Downloaded tracing-attributes v0.1.31
  Downloaded thread-tree v0.3.3
  Downloaded synstructure v0.13.2
  Downloaded serde_derive v1.0.228
  Downloaded rustls-webpki v0.103.9
  Downloaded rand_core v0.9.5
  Downloaded r2d2 v0.8.10
  Downloaded qoi v0.4.1
  Downloaded prettyplease v0.2.37
  Downloaded linux-raw-sys v0.11.0
  Downloaded linux-raw-sys v0.4.15
  Downloaded yoke-derive v0.8.1
  Downloaded yoke v0.7.5
  Downloaded wgpu-core-deps-windows-linux-android v25.0.0
  Downloaded webpki-roots v0.26.11
  Downloaded web-time v1.1.0
  Downloaded tracing-log v0.2.0
  Downloaded tracing-appender v0.2.4
  Downloaded tower-service v0.3.3
  Downloaded toml_writer v1.0.6+spec-1.1.0
  Downloaded toml_datetime v0.7.5+spec-1.1.0
  Downloaded time-core v0.1.7
  Downloaded text_placeholder v0.5.1
  Downloaded strum_macros v0.27.2
  Downloaded serde_core v1.0.228
  Downloaded semver v1.0.27
  Downloaded ryu v1.0.22
  Downloaded rmp-serde v1.3.1
  Downloaded rmp v0.8.15
  Downloaded rgb v0.8.52
  Downloaded relative-path v1.9.3
  Downloaded proc-macro2 v1.0.105
  Downloaded nom v8.0.0
  Downloaded nom v7.1.3
  Downloaded wasm-bindgen-shared v0.2.108
  Downloaded tower-layer v0.3.3
  Downloaded sync_wrapper v1.0.2
  Downloaded strum_macros v0.26.4
  Downloaded serde_bytes v0.11.19
  Downloaded seq-macro v0.3.6
  Downloaded scopeguard v1.2.0
  Downloaded scheduled-thread-pool v0.2.7
  Downloaded safetensors v0.4.5
  Downloaded rustversion v1.0.22
  Downloaded rustls-pki-types v1.14.0
  Downloaded rand_core v0.6.4
  Downloaded rand_chacha v0.9.0
  Downloaded rand_chacha v0.3.1
  Downloaded radium v0.7.0
  Downloaded r2d2_sqlite v0.31.0
  Downloaded quote v1.0.43
  Downloaded quick-error v2.0.1
  Downloaded pin-project-lite v0.2.16
  Downloaded mio v1.1.1
  Downloaded minimal-lexical v0.2.1
  Downloaded libc v0.2.180
  Downloaded spin v0.10.0
  Downloaded sanitize-filename v0.6.0
  Downloaded same-file v1.0.6
  Downloaded safetensors v0.3.3
  Downloaded rawpointer v0.2.1
  Downloaded ppv-lite86 v0.2.21
  Downloaded potential_utf v0.1.4
  Downloaded pkg-config v0.3.32
  Downloaded password-hash v0.4.2
  Downloaded nvml-wrapper v0.11.0
  Downloaded num-bigint v0.4.6
  Downloaded miniz_oxide v0.8.9
  Downloaded sharded-slab v0.1.7
  Downloaded rustc_version v0.4.1
  Downloaded rustc-hash v1.1.0
  Downloaded renderdoc-sys v1.1.0
  Downloaded reborrow v0.5.5
  Downloaded raw-window-handle v0.6.2
  Downloaded profiling-procmacros v1.0.17
  Downloaded proc-macro-crate v3.4.0
  Downloaded paste v1.0.15
  Downloaded noodles-vcf v0.83.0
  Downloaded libm v0.2.15
  Downloaded itertools v0.13.0
  Downloaded profiling v1.0.17
  Downloaded primal-check v0.3.4
  Downloaded powerfmt v0.2.0
  Downloaded pin-utils v0.1.0
  Downloaded percent-encoding v2.3.2
  Downloaded pbkdf2 v0.11.0
  Downloaded pastey v0.1.1
  Downloaded parking_lot_core v0.9.12
  Downloaded parking_lot v0.12.5
  Downloaded parking v2.2.1
  Downloaded ordered-float v4.6.0
  Downloaded option-ext v0.2.0
  Downloaded once_cell v1.21.3
  Downloaded nvml-wrapper-sys v0.9.0
  Downloaded num_threads v0.1.7
  Downloaded num_enum_derive v0.7.5
  Downloaded num_enum v0.7.5
  Downloaded num_cpus v1.17.0
  Downloaded num-traits v0.2.19
  Downloaded num-iter v0.1.45
  Downloaded num-integer v0.1.46
  Downloaded num-derive v0.4.2
  Downloaded num-conv v0.1.0
  Downloaded num v0.4.3
  Downloaded nu-ansi-term v0.50.3
  Downloaded noop_proc_macro v0.3.0
  Downloaded noodles-tabix v0.59.0
  Downloaded noodles-csi v0.53.0
  Downloaded memchr v2.7.6
  Downloaded jiff v0.2.18
  Downloaded itertools v0.14.0
  Downloaded indicatif v0.18.3
  Downloaded indexmap v2.13.0
  Downloaded imgref v1.12.0
  Downloaded image-webp v0.2.4
  Downloaded icu_normalizer_data v2.1.1
  Downloaded icu_normalizer v2.1.1
  Downloaded icu_collections v2.1.1
  Downloaded hyper v1.8.1
  Downloaded noodles-core v0.18.0
  Downloaded noodles-bgzf v0.45.0
  Downloaded noodles v0.104.0
  Downloaded noisy_float v0.2.1
  Downloaded new_debug_unreachable v1.0.6
  Downloaded ndarray-stats v0.6.0
  Downloaded moddef v0.3.0
  Downloaded md5 v0.8.0
  Downloaded maybe-rayon v0.1.1
  Downloaded matrixmultiply v0.3.10
  Downloaded matchit v0.8.4
  Downloaded matchers v0.2.0
  Downloaded macerator-macros v0.1.3
  Downloaded macerator v0.2.9
  Downloaded log v0.4.29
  Downloaded lock_api v0.4.14
  Downloaded litrs v1.0.0
  Downloaded litemap v0.8.1
  Downloaded libloading v0.8.9
  Downloaded lebe v0.5.3
  Downloaded lazy_static v1.5.0
  Downloaded khronos-egl v6.0.0
  Downloaded jobserver v0.1.34
  Downloaded itoa v1.0.17
  Downloaded image v0.25.9
  Downloaded idna v1.1.0
  Downloaded icu_properties_data v2.1.2
  Downloaded icu_locale_core v2.1.1
  Downloaded hyper-util v0.1.19
  Downloaded http v1.4.0
  Downloaded hashbrown v0.16.1
  Downloaded hashbrown v0.15.5
  Downloaded hashbrown v0.14.5
  Downloaded hashbrown v0.13.2
  Downloaded encoding_rs v0.8.35
  Downloaded cubecl-wgpu v0.6.0
  Downloaded bzip2-sys v0.1.13+1.0.8
  Downloaded mime v0.3.17
  Downloaded memmap2 v0.9.9
  Downloaded lru v0.12.5
  Downloaded loop9 v0.1.5
  Downloaded is_terminal_polyfill v1.70.2
  Downloaded instability v0.3.11
  Downloaded inout v0.1.4
  Downloaded indoc v2.0.7
  Downloaded idna_adapter v1.2.1
  Downloaded ident_case v1.0.1
  Downloaded icu_provider v2.1.1
  Downloaded icu_properties v2.1.2
  Downloaded httpdate v1.0.3
  Downloaded httparse v1.10.1
  Downloaded http-body-util v0.1.3
  Downloaded glow v0.16.0
  Downloaded futures-util v0.3.31
  Downloaded exr v1.74.0
  Downloaded derive_more v2.1.1
  Downloaded cudarc v0.16.6
  Downloaded cubecl-hip-sys v6.4.4348400
  Downloaded cubecl-cpp v0.6.0
  Downloaded cubecl-core v0.6.0
  Downloaded crossbeam-channel v0.5.15
  Downloaded compact_str v0.8.1
  Downloaded clap_builder v4.5.54
  Downloaded cc v1.2.53
  Downloaded candle-core v0.8.4
  Downloaded bytes v1.11.0
  Downloaded burn-train v0.18.0
  Downloaded av-scenechange v0.14.1
  Downloaded hmac v0.12.1
  Downloaded heck v0.5.0
  Downloaded hashlink v0.10.0
  Downloaded half v2.7.1
  Downloaded grep-searcher v0.1.16
  Downloaded grep-regex v0.1.14
  Downloaded grep-matcher v0.1.8
  Downloaded grep v0.4.1
  Downloaded gpu-descriptor v0.3.2
  Downloaded glob v0.3.3
  Downloaded gix-tempfile v17.1.0
  Downloaded gix-path v0.10.22
  Downloaded gix-features v0.42.1
  Downloaded gif v0.14.1
  Downloaded getrandom v0.3.4
  Downloaded getrandom v0.2.17
  Downloaded gemm-f16 v0.18.2
  Downloaded gemm-common v0.18.2
  Downloaded gemm-common v0.17.1
  Downloaded gemm v0.17.1
  Downloaded futures-timer v3.0.3
  Downloaded futures-sink v0.3.31
  Downloaded futures-lite v2.6.1
  Downloaded futures-channel v0.3.31
  Downloaded funty v2.0.0
  Downloaded foldhash v0.1.5
  Downloaded flate2 v1.1.8
  Downloaded find-msvc-tools v0.1.8
  Downloaded digest v0.10.7
  Downloaded derive_more-impl v2.1.1
  Downloaded deranged v0.5.5
  Downloaded data-encoding v2.10.0
  Downloaded darling_macro v0.20.11
  Downloaded darling_core v0.23.0
  Downloaded darling_core v0.21.3
  Downloaded darling_core v0.20.11
  Downloaded darling v0.23.0
  Downloaded darling v0.21.3
  Downloaded darling v0.20.11
  Downloaded cubecl-runtime v0.6.0
  Downloaded cubecl-matmul v0.6.0
  Downloaded cubecl-macros v0.6.0
  Downloaded csv v1.4.0
  Downloaded burn-tensor v0.18.0
  Downloaded axum v0.8.8
  Downloaded grep-printer v0.3.1
  Downloaded grep-cli v0.1.12
  Downloaded gpu-descriptor-types v0.2.0
  Downloaded gpu-alloc-types v0.3.0
  Downloaded gpu-alloc v0.6.0
  Downloaded globset v0.4.18
  Downloaded gix-validate v0.10.1
  Downloaded gix-utils v0.3.1
  Downloaded gix-trace v0.1.17
  Downloaded gix-fs v0.15.0
  Downloaded gemm-f64 v0.18.2
  Downloaded gemm-f32 v0.18.2
  Downloaded gemm-f32 v0.17.1
  Downloaded gemm-f16 v0.17.1
  Downloaded gemm-c64 v0.18.2
  Downloaded gemm-c32 v0.17.1
  Downloaded futures-task v0.3.31
  Downloaded futures-macro v0.3.31
  Downloaded futures-io v0.3.31
  Downloaded form_urlencoded v1.2.2
  Downloaded fnv v1.0.7
  Downloaded float-ord v0.3.2
  Downloaded fax_derive v0.2.0
  Downloaded fallible-iterator v0.3.0
  Downloaded event-listener v5.4.1
  Downloaded env_logger v0.11.8
  Downloaded encoding_rs_io v0.1.7
  Downloaded embassy-futures v0.1.2
  Downloaded dyn-stack v0.13.2
  Downloaded displaydoc v0.2.5
  Downloaded dirs v6.0.0
  Downloaded derive-new v0.7.0
  Downloaded dashmap v6.1.0
  Downloaded darling_macro v0.21.3
  Downloaded cubecl-std v0.6.0
  Downloaded cubecl-reduce v0.6.0
  Downloaded cubecl-ir v0.6.0
  Downloaded cubecl-cuda v0.6.0
  Downloaded cubecl-convolution v0.6.0
  Downloaded crossterm v0.28.1
  Downloaded concurrent-queue v2.5.0
  Downloaded colored v3.1.1
  Downloaded colorchoice v1.0.4
  Downloaded color_quant v1.1.0
  Downloaded clap_lex v0.7.7
  Downloaded castaway v0.2.4
  Downloaded cassowary v0.3.0
  Downloaded bzip2 v0.4.4
  Downloaded bytesize v1.3.3
  Downloaded byteorder-lite v0.1.0
  Downloaded byteorder v1.5.0
  Downloaded bytemuck_derive v1.10.2
  Downloaded bytemuck v1.24.0
  Downloaded bstr v1.12.1
  Downloaded bitvec v1.0.1
  Downloaded autocfg v1.5.0
  Downloaded async-channel v2.5.0
  Downloaded ash v0.38.0+1.3.281
  Downloaded anyhow v1.0.100
  Downloaded gemm-f64 v0.17.1
  Downloaded gemm-c64 v0.17.1
  Downloaded gemm-c32 v0.18.2
  Downloaded gemm v0.18.2
  Downloaded futures-core v0.3.31
  Downloaded fdeflate v0.3.7
  Downloaded fallible-streaming-iterator v0.1.9
  Downloaded event-listener-strategy v0.5.4
  Downloaded equator-macro v0.4.2
  Downloaded env_filter v0.1.4
  Downloaded either v1.15.0
  Downloaded dyn-stack-macros v0.1.3
  Downloaded document-features v0.2.12
  Downloaded cubecl-random v0.6.0
  Downloaded cubecl-macros-internal v0.6.0
  Downloaded cubecl-common v0.6.0
  Downloaded cubecl v0.6.0
  Downloaded crossbeam-deque v0.8.6
  Downloaded crc32fast v1.5.0
  Downloaded core2 v0.4.0
  Downloaded convert_case v0.10.0
  Downloaded clap_derive v4.5.49
  Downloaded clap v4.5.54
  Downloaded cfg_aliases v0.2.1
  Downloaded cfg-if v1.0.4
  Downloaded burn-tch v0.18.0
  Downloaded burn-router v0.18.0
  Downloaded burn-rocm v0.18.0
  Downloaded burn-ndarray v0.18.0
  Downloaded burn-fusion v0.18.0
  Downloaded burn-dataset v0.18.0
  Downloaded burn-cubecl-fusion v0.18.0
  Downloaded burn-cubecl v0.18.0
  Downloaded burn-core v0.18.0
  Downloaded burn-autodiff v0.18.0
  Downloaded burn v0.18.0
  Downloaded bumpalo v3.19.1
  Downloaded bitstream-io v4.9.0
  Downloaded bincode v2.0.1
  Downloaded avif-serialize v0.8.6
  Downloaded av1-grain v0.2.5
  Downloaded atomic_float v1.1.0
  Downloaded atomic-waker v1.1.2
  Downloaded as-slice v0.2.1
  Downloaded arrayvec v0.7.6
  Downloaded arg_enum_proc_macro v0.3.4
  Downloaded anstyle-parse v0.2.7
  Downloaded aho-corasick v1.1.4
  Downloaded aes v0.8.4
  Downloaded fastrand v2.3.0
  Downloaded errno v0.3.14
  Downloaded equivalent v1.0.2
  Downloaded equator v0.4.2
  Downloaded dyn-stack v0.10.0
  Downloaded dirs-sys v0.5.0
  Downloaded darling_macro v0.23.0
  Downloaded crypto-common v0.1.7
  Downloaded crossbeam-utils v0.8.21
  Downloaded crossbeam-epoch v0.9.18
  Downloaded constant_time_eq v0.1.5
  Downloaded console v0.16.2
  Downloaded codespan-reporting v0.12.0
  Downloaded burn-cuda v0.18.0
  Downloaded burn-candle v0.18.0
  Downloaded built v0.8.0
  Downloaded bitflags v2.10.0
  Downloaded base64 v0.22.1
  Downloaded axum-core v0.5.6
  Downloaded allocator-api2 v0.2.21
  Downloaded cipher v0.4.4
  Downloaded burn-wgpu v0.18.0
  Downloaded burn-remote v0.18.0
  Downloaded burn-derive v0.18.0
  Downloaded burn-common v0.18.0
  Downloaded bitflags v1.3.2
  Downloaded bit-vec v0.8.0
  Downloaded bit-set v0.8.0
  Downloaded base64ct v1.8.3
  Downloaded ahash v0.8.12
  Downloaded cpufeatures v0.2.17
  Downloaded burn-ir v0.18.0
  Downloaded block-buffer v0.10.4
  Downloaded anstyle v1.0.13
  Downloaded anstream v0.6.21
  Downloaded anstyle-query v1.1.5
   Compiling proc-macro2 v1.0.105
   Compiling quote v1.0.43
   Compiling unicode-ident v1.0.22
   Compiling libc v0.2.180
    Checking cfg-if v1.0.4
   Compiling autocfg v1.5.0
   Compiling libm v0.2.15
   Compiling num-traits v0.2.19
   Compiling crossbeam-utils v0.8.21
   Compiling zerocopy v0.8.33
   Compiling serde_core v1.0.228
   Compiling syn v2.0.114
    Checking memchr v2.7.6
    Checking equivalent v1.0.2
   Compiling serde v1.0.228
    Checking once_cell v1.21.3
   Compiling getrandom v0.3.4
    Checking crossbeam-epoch v0.9.18
    Checking either v1.15.0
   Compiling rayon-core v1.13.0
    Checking log v0.4.29
    Checking crossbeam-deque v0.8.6
    Checking crossbeam-channel v0.5.15
   Compiling portable-atomic v1.13.0
    Checking pin-project-lite v0.2.16
    Checking rand_core v0.9.5
   Compiling zmij v1.0.15
   Compiling unicode-segmentation v1.12.0
    Checking rayon v1.11.0
   Compiling convert_case v0.10.0
   Compiling unicode-xid v0.2.6
    Checking scopeguard v1.2.0
   Compiling crc32fast v1.5.0
    Checking lock_api v0.4.14
   Compiling aho-corasick v1.1.4
    Checking fastrand v2.3.0
    Checking adler2 v2.0.1
   Compiling cubecl-common v0.6.0
    Checking allocator-api2 v0.2.21
    Checking futures-core v0.3.31
   Compiling regex-syntax v0.8.8
    Checking foldhash v0.1.5
    Checking parking v2.2.1
    Checking futures-io v0.3.31
    Checking simd-adler32 v0.3.8
    Checking miniz_oxide v0.8.9
   Compiling zerocopy-derive v0.8.33
   Compiling serde_derive v1.0.228
   Compiling bytemuck_derive v1.10.2
    Checking bytemuck v1.24.0
   Compiling derive-new v0.7.0
   Compiling derive_more-impl v2.1.1
   Compiling regex-automata v0.4.13
    Checking ppv-lite86 v0.2.21
    Checking rand_chacha v0.9.0
    Checking rand v0.9.2
    Checking half v2.7.1
    Checking derive_more v2.1.1
    Checking hashbrown v0.15.5
    Checking futures-lite v2.6.1
    Checking spin v0.10.0
    Checking num-integer v0.1.46
    Checking web-time v1.1.0
    Checking embassy-futures v0.1.2
    Checking zlib-rs v0.5.5
   Compiling matrixmultiply v0.3.10
   Compiling strsim v0.11.1
   Compiling bstr v1.12.1
   Compiling fnv v1.0.7
   Compiling ident_case v1.0.1
   Compiling darling_core v0.20.11
    Checking flate2 v1.1.8
    Checking burn-common v0.18.0
    Checking rand_distr v0.5.1
    Checking serde_bytes v0.11.19
    Checking thread-tree v0.3.3
    Checking num-complex v0.4.6
    Checking num_cpus v1.17.0
   Compiling semver v1.0.27
    Checking hashbrown v0.16.1
    Checking colored v3.1.1
    Checking rawpointer v0.2.1
    Checking indexmap v2.13.0
   Compiling encoding_rs v0.8.35
    Checking burn-tensor v0.18.0
   Compiling darling_macro v0.20.11
   Compiling rustc_version v0.4.1
   Compiling grep-matcher v0.1.8
   Compiling version_check v0.9.5
   Compiling paste v1.0.15
   Compiling serde_json v1.0.149
   Compiling cfg_aliases v0.2.1
   Compiling macerator v0.2.9
   Compiling ahash v0.8.12
   Compiling encoding_rs_io v0.1.7
   Compiling darling v0.20.11
   Compiling memmap2 v0.9.9
    Checking getrandom v0.2.17
    Checking utf8parse v0.2.2
   Compiling itoa v1.0.17
    Checking bytes v1.11.0
   Compiling termcolor v1.4.1
    Checking noodles-core v0.18.0
    Checking anstyle-parse v0.2.7
    Checking rand_core v0.6.4
    Checking noodles-bgzf v0.45.0
   Compiling grep-searcher v0.1.16
   Compiling macerator-macros v0.1.3
    Checking ndarray v0.16.1
   Compiling globset v0.4.18
    Checking tracing-core v0.1.36
    Checking rmp v0.8.15
    Checking anstyle v1.0.13
    Checking bit-vec v0.8.0
    Checking is_terminal_polyfill v1.70.2
    Checking anstyle-query v1.1.5
   Compiling burn-ndarray v0.18.0
    Checking moddef v0.3.0
    Checking colorchoice v1.0.4
    Checking unty v0.0.4
    Checking anstream v0.6.21
    Checking bincode v2.0.1
    Checking noodles-csi v0.53.0
    Checking rmp-serde v1.3.1
   Compiling grep-cli v0.1.12
   Compiling grep-printer v0.3.1
    Checking rand_chacha v0.3.1
    Checking burn-autodiff v0.18.0
    Checking burn-ir v0.18.0
   Compiling grep-regex v0.1.14
   Compiling burn-derive v0.18.0
   Compiling tracing-attributes v0.1.31
    Checking itertools v0.14.0
   Compiling seq-macro v0.3.6
    Checking data-encoding v2.10.0
   Compiling same-file v1.0.6
   Compiling radium v0.7.0
    Checking atomic_float v1.1.0
    Checking lazy_static v1.5.0
    Checking strength_reduce v0.2.4
    Checking uuid v1.19.0
    Checking unicode-width v0.2.0
    Checking transpose v0.2.3
    Checking sharded-slab v0.1.7
    Checking burn-core v0.18.0
    Checking console v0.16.2
    Checking tracing v0.1.44
   Compiling walkdir v2.5.0
   Compiling grep v0.4.1
    Checking rand v0.8.5
    Checking noodles-tabix v0.59.0
    Checking tracing-log v0.2.0
    Checking regex v1.12.2
    Checking matchers v0.2.0
    Checking primal-check v0.3.4
   Compiling equator-macro v0.4.2
    Checking itertools v0.13.0
    Checking noisy_float v0.2.1
    Checking thread_local v1.1.9
    Checking percent-encoding v2.3.2
   Compiling anyhow v1.0.100
    Checking tap v1.0.1
    Checking nu-ansi-term v0.50.3
   Compiling heck v0.5.0
    Checking smallvec v1.15.1
    Checking unit-prefix v0.5.2
   Compiling thiserror v2.0.18
    Checking clap_lex v0.7.7
    Checking ndarray-stats v0.6.0
    Checking clap_builder v4.5.54
    Checking tracing-subscriber v0.3.22
    Checking indicatif v0.18.3
   Compiling clap_derive v4.5.49
    Checking wyz v0.5.1
    Checking equator v0.4.2
    Checking noodles-vcf v0.83.0
    Checking env_filter v0.1.4
    Checking rustfft v6.4.1
   Compiling reagle v0.1.0 (/app)
    Checking ndarray v0.17.2
    Checking burn v0.18.0
    Checking safe_arch v1.0.0
   Compiling thiserror-impl v2.0.18
    Checking funty v2.0.0
    Checking jiff v0.2.18
    Checking bitvec v1.0.1
    Checking mini-mcmc v0.8.0 (https://github.com/SauersML/general-mcmc#2469d9dd)
    Checking wide v1.1.1
    Checking noodles v0.104.0
    Checking clap v4.5.54
    Checking aligned-vec v0.6.4
    Checking tracing-tree v0.4.1
    Checking env_logger v0.11.8
    Checking ryu v1.0.22
    Finished `dev` profile [unoptimized + debuginfo] target(s) in 1m 10s
