       Fresh unicode-ident v1.0.22
       Fresh cfg-if v1.0.4
       Fresh proc-macro2 v1.0.105
       Fresh memchr v2.7.6
       Fresh quote v1.0.43
       Fresh autocfg v1.5.0
       Fresh syn v2.0.114
       Fresh libc v0.2.180
       Fresh libm v0.2.15
       Fresh num-traits v0.2.19
       Fresh zerocopy-derive v0.8.33
       Fresh crossbeam-utils v0.8.21
       Fresh zerocopy v0.8.33
       Fresh equivalent v1.0.2
       Fresh once_cell v1.21.3
       Fresh ppv-lite86 v0.2.21
       Fresh serde_derive v1.0.228
       Fresh crossbeam-epoch v0.9.18
       Fresh bytemuck_derive v1.10.2
       Fresh either v1.15.0
       Fresh bytemuck v1.24.0
       Fresh getrandom v0.3.4
       Fresh crossbeam-deque v0.8.6
       Fresh crossbeam-channel v0.5.15
       Fresh pin-project-lite v0.2.16
       Fresh rayon-core v1.13.0
       Fresh rand_core v0.9.5
       Fresh unicode-segmentation v1.12.0
       Fresh rayon v1.11.0
       Fresh rand_chacha v0.9.0
       Fresh portable-atomic v1.13.0
       Fresh convert_case v0.10.0
       Fresh scopeguard v1.2.0
       Fresh unicode-xid v0.2.6
       Fresh lock_api v0.4.14
       Fresh derive_more-impl v2.1.1
       Fresh rand v0.9.2
       Fresh half v2.7.1
       Fresh derive-new v0.7.0
       Fresh strsim v0.11.1
   Compiling futures-core v0.3.31
       Fresh adler2 v2.0.1
   Compiling fastrand v2.3.0
       Fresh foldhash v0.1.5
       Fresh futures-io v0.3.31
       Fresh parking v2.2.1
       Fresh simd-adler32 v0.3.8
       Fresh allocator-api2 v0.2.21
       Fresh hashbrown v0.15.5
       Fresh miniz_oxide v0.8.9
     Running `/home/jules/.rustup/toolchains/stable-x86_64-unknown-linux-gnu/bin/rustc --crate-name fastrand --edition=2018 /home/jules/.cargo/registry/src/index.crates.io-1949cf8c6b5b557f/fastrand-2.3.0/src/lib.rs --error-format=json --json=diagnostic-rendered-ansi,artifacts,future-incompat --crate-type lib --emit=dep-info,metadata,link -C embed-bitcode=no -C debuginfo=2 --cfg 'feature="alloc"' --cfg 'feature="std"' --check-cfg 'cfg(docsrs,test)' --check-cfg 'cfg(feature, values("alloc", "default", "getrandom", "js", "std"))' -C metadata=e6d619d81afbbfcb -C extra-filename=-766b864051a02113 --out-dir /app/target/debug/deps -L dependency=/app/target/debug/deps --cap-lints allow`
     Running `/home/jules/.rustup/toolchains/stable-x86_64-unknown-linux-gnu/bin/rustc --crate-name futures_core --edition=2018 /home/jules/.cargo/registry/src/index.crates.io-1949cf8c6b5b557f/futures-core-0.3.31/src/lib.rs --error-format=json --json=diagnostic-rendered-ansi,artifacts,future-incompat --crate-type lib --emit=dep-info,metadata,link -C embed-bitcode=no -C debuginfo=2 --warn=unreachable_pub --warn=unexpected_cfgs --warn=single_use_lifetimes --warn=rust_2018_idioms --warn=missing_debug_implementations --check-cfg 'cfg(futures_sanitizer)' --check-cfg 'cfg(docsrs,test)' --check-cfg 'cfg(feature, values("alloc", "cfg-target-has-atomic", "default", "portable-atomic", "std", "unstable"))' -C metadata=adeef9a00e1db942 -C extra-filename=-acc68daf4e4c37ca --out-dir /app/target/debug/deps -L dependency=/app/target/debug/deps --cap-lints allow`
       Fresh zmij v1.0.15
       Fresh derive_more v2.1.1
       Fresh crc32fast v1.5.0
       Fresh spin v0.10.0
       Fresh num-integer v0.1.46
       Fresh web-time v1.1.0
       Fresh embassy-futures v0.1.2
       Fresh zlib-rs v0.5.5
       Fresh itoa v1.0.17
       Fresh flate2 v1.1.8
       Fresh fnv v1.0.7
       Fresh log v0.4.29
       Fresh ident_case v1.0.1
       Fresh darling_core v0.20.11
       Fresh rand_distr v0.5.1
       Fresh thread-tree v0.3.3
       Fresh serde_bytes v0.11.19
       Fresh num-complex v0.4.6
       Fresh num_cpus v1.17.0
       Fresh aho-corasick v1.1.4
       Fresh regex-syntax v0.8.8
       Fresh rawpointer v0.2.1
       Fresh colored v3.1.1
       Fresh hashbrown v0.16.1
       Fresh semver v1.0.27
       Fresh indexmap v2.13.0
       Fresh rustc_version v0.4.1
       Fresh matrixmultiply v0.3.10
       Fresh regex-automata v0.4.13
       Fresh serde_core v1.0.228
       Fresh darling_macro v0.20.11
       Fresh grep-matcher v0.1.8
       Fresh encoding_rs v0.8.35
       Fresh cfg_aliases v0.2.1
       Fresh version_check v0.9.5
       Fresh encoding_rs_io v0.1.7
       Fresh darling v0.20.11
       Fresh memmap2 v0.9.9
       Fresh getrandom v0.2.17
       Fresh bstr v1.12.1
       Fresh termcolor v1.4.1
       Fresh utf8parse v0.2.2
       Fresh bytes v1.11.0
       Fresh noodles-bgzf v0.45.0
       Fresh anstyle-parse v0.2.7
       Fresh noodles-core v0.18.0
       Fresh rand_core v0.6.4
       Fresh grep-searcher v0.1.16
       Fresh macerator-macros v0.1.3
       Fresh serde v1.0.228
       Fresh paste v1.0.15
       Fresh ndarray v0.16.1
       Fresh globset v0.4.18
       Fresh tracing-core v0.1.36
       Fresh rmp v0.8.15
       Fresh moddef v0.3.0
       Fresh anstyle v1.0.13
       Fresh colorchoice v1.0.4
       Fresh bit-vec v0.8.0
       Fresh is_terminal_polyfill v1.70.2
       Fresh unty v0.0.4
       Fresh anstyle-query v1.1.5
       Fresh bincode v2.0.1
       Fresh anstream v0.6.21
       Fresh noodles-csi v0.53.0
       Fresh rmp-serde v1.3.1
       Fresh macerator v0.2.9
       Fresh grep-cli v0.1.12
       Fresh grep-printer v0.3.1
       Fresh ahash v0.8.12
       Fresh rand_chacha v0.3.1
       Fresh serde_json v1.0.149
       Fresh grep-regex v0.1.14
       Fresh burn-derive v0.18.0
       Fresh itertools v0.14.0
       Fresh tracing-attributes v0.1.31
       Fresh unicode-width v0.2.0
       Fresh uuid v1.19.0
       Fresh atomic_float v1.1.0
       Fresh seq-macro v0.3.6
       Fresh lazy_static v1.5.0
       Fresh same-file v1.0.6
       Fresh strength_reduce v0.2.4
       Fresh data-encoding v2.10.0
       Fresh transpose v0.2.3
       Fresh walkdir v2.5.0
       Fresh sharded-slab v0.1.7
       Fresh console v0.16.2
       Fresh tracing v0.1.44
       Fresh grep v0.4.1
       Fresh rand v0.8.5
       Fresh noodles-tabix v0.59.0
       Fresh tracing-log v0.2.0
       Fresh matchers v0.2.0
       Fresh regex v1.12.2
       Fresh primal-check v0.3.4
   Compiling itertools v0.13.0
       Fresh noisy_float v0.2.1
       Fresh equator-macro v0.4.2
       Fresh thread_local v1.1.9
       Fresh unit-prefix v0.5.2
       Fresh clap_lex v0.7.7
     Running `/home/jules/.rustup/toolchains/stable-x86_64-unknown-linux-gnu/bin/rustc --crate-name itertools --edition=2018 /home/jules/.cargo/registry/src/index.crates.io-1949cf8c6b5b557f/itertools-0.13.0/src/lib.rs --error-format=json --json=diagnostic-rendered-ansi,artifacts,future-incompat --crate-type lib --emit=dep-info,metadata,link -C embed-bitcode=no -C debuginfo=2 --check-cfg 'cfg(docsrs,test)' --check-cfg 'cfg(feature, values("default", "use_alloc", "use_std"))' -C metadata=7d494c42142de23a -C extra-filename=-d9cdda57bea11209 --out-dir /app/target/debug/deps -L dependency=/app/target/debug/deps --extern either=/app/target/debug/deps/libeither-62aa296a84559ee2.rmeta --cap-lints allow`
       Fresh tap v1.0.1
       Fresh percent-encoding v2.3.2
       Fresh nu-ansi-term v0.50.3
       Fresh smallvec v1.15.1
       Fresh heck v0.5.0
       Fresh clap_derive v4.5.49
       Fresh tracing-subscriber v0.3.22
       Fresh noodles-vcf v0.83.0
       Fresh wyz v0.5.1
       Fresh clap_builder v4.5.54
       Fresh indicatif v0.18.3
       Fresh equator v0.4.2
       Fresh rustfft v6.4.1
       Fresh env_filter v0.1.4
   Compiling reagle v0.1.0 (/app)
     Running `/home/jules/.rustup/toolchains/stable-x86_64-unknown-linux-gnu/bin/rustc --crate-name build_script_build --edition=2024 build.rs --error-format=json --json=diagnostic-rendered-ansi,artifacts,future-incompat --crate-type bin --emit=dep-info,link -C embed-bitcode=no --deny=warnings --check-cfg 'cfg(docsrs,test)' --check-cfg 'cfg(feature, values())' -C metadata=c48c1f39a7e9b95c -C extra-filename=-d7849ecc6bca2438 --out-dir /app/target/debug/build/reagle-d7849ecc6bca2438 -C incremental=/app/target/debug/incremental -L dependency=/app/target/debug/deps --extern grep=/app/target/debug/deps/libgrep-c6d3571a66058aee.rlib --extern walkdir=/app/target/debug/deps/libwalkdir-7a6c356745563286.rlib`
       Fresh radium v0.7.0
       Fresh ndarray v0.17.2
       Fresh safe_arch v1.0.0
       Fresh thiserror-impl v2.0.18
       Fresh funty v2.0.0
       Fresh jiff v0.2.18
       Fresh env_logger v0.11.8
       Fresh bitvec v1.0.1
       Fresh thiserror v2.0.18
       Fresh wide v1.1.1
       Fresh aligned-vec v0.6.4
       Fresh clap v4.5.54
       Fresh noodles v0.104.0
       Fresh anyhow v1.0.100
       Fresh tracing-tree v0.4.1
       Fresh ryu v1.0.22
   Compiling futures-lite v2.6.1
     Running `/home/jules/.rustup/toolchains/stable-x86_64-unknown-linux-gnu/bin/rustc --crate-name futures_lite --edition=2021 /home/jules/.cargo/registry/src/index.crates.io-1949cf8c6b5b557f/futures-lite-2.6.1/src/lib.rs --error-format=json --json=diagnostic-rendered-ansi,artifacts,future-incompat --crate-type lib --emit=dep-info,metadata,link -C embed-bitcode=no -C debuginfo=2 --cfg 'feature="alloc"' --cfg 'feature="fastrand"' --cfg 'feature="futures-io"' --cfg 'feature="parking"' --cfg 'feature="std"' --check-cfg 'cfg(docsrs,test)' --check-cfg 'cfg(feature, values("alloc", "default", "fastrand", "futures-io", "memchr", "parking", "race", "std"))' -C metadata=d7793c3f2a02a294 -C extra-filename=-05d00f17a8d5d45f --out-dir /app/target/debug/deps -L dependency=/app/target/debug/deps --extern fastrand=/app/target/debug/deps/libfastrand-766b864051a02113.rmeta --extern futures_core=/app/target/debug/deps/libfutures_core-acc68daf4e4c37ca.rmeta --extern futures_io=/app/target/debug/deps/libfutures_io-08ac9541cd7cdf53.rmeta --extern parking=/app/target/debug/deps/libparking-bcf80bf614e0fb50.rmeta --extern pin_project_lite=/app/target/debug/deps/libpin_project_lite-40baa2af0255c2f6.rmeta --cap-lints allow`
   Compiling cubecl-common v0.6.0
     Running `/home/jules/.rustup/toolchains/stable-x86_64-unknown-linux-gnu/bin/rustc --crate-name cubecl_common --edition=2024 /home/jules/.cargo/registry/src/index.crates.io-1949cf8c6b5b557f/cubecl-common-0.6.0/src/lib.rs --error-format=json --json=diagnostic-rendered-ansi,artifacts,future-incompat --crate-type lib --emit=dep-info,metadata,link -C embed-bitcode=no -C debuginfo=2 --cfg 'feature="default"' --cfg 'feature="futures-lite"' --cfg 'feature="serde"' --cfg 'feature="std"' --check-cfg 'cfg(docsrs,test)' --check-cfg 'cfg(feature, values("cache", "default", "dirs", "futures-lite", "sanitize-filename", "serde", "serde_json", "std"))' -C metadata=cfdbdfcddc49b652 -C extra-filename=-f8f7daada654122a --out-dir /app/target/debug/deps -L dependency=/app/target/debug/deps --extern bytemuck=/app/target/debug/deps/libbytemuck-614bd17161570713.rmeta --extern cfg_if=/app/target/debug/deps/libcfg_if-7f578e9a01bfc487.rmeta --extern derive_new=/app/target/debug/deps/libderive_new-2253be90c9004808.so --extern derive_more=/app/target/debug/deps/libderive_more-5f95ec3b1404e7a4.rmeta --extern embassy_futures=/app/target/debug/deps/libembassy_futures-2702f6e3f4b7f28d.rmeta --extern futures_lite=/app/target/debug/deps/libfutures_lite-05d00f17a8d5d45f.rmeta --extern half=/app/target/debug/deps/libhalf-0a9f04ad29d1861c.rmeta --extern hashbrown=/app/target/debug/deps/libhashbrown-15cf1fb8d1b2b6d1.rmeta --extern log=/app/target/debug/deps/liblog-ecaeffddd70d5566.rmeta --extern num_traits=/app/target/debug/deps/libnum_traits-df0c8d35adde94d3.rmeta --extern rand=/app/target/debug/deps/librand-4e388308980014eb.rmeta --extern serde=/app/target/debug/deps/libserde-d620dfc84e870eae.rmeta --extern spin=/app/target/debug/deps/libspin-89a9eadcd4532f58.rmeta --extern web_time=/app/target/debug/deps/libweb_time-a7d4fc74416e3d81.rmeta --cap-lints allow`
   Compiling ndarray-stats v0.6.0
     Running `/home/jules/.rustup/toolchains/stable-x86_64-unknown-linux-gnu/bin/rustc --crate-name ndarray_stats --edition=2018 /home/jules/.cargo/registry/src/index.crates.io-1949cf8c6b5b557f/ndarray-stats-0.6.0/src/lib.rs --error-format=json --json=diagnostic-rendered-ansi,artifacts,future-incompat --crate-type lib --emit=dep-info,metadata,link -C embed-bitcode=no -C debuginfo=2 --check-cfg 'cfg(docsrs,test)' --check-cfg 'cfg(feature, values())' -C metadata=dc315700f783693b -C extra-filename=-ad3b637166b8e204 --out-dir /app/target/debug/deps -L dependency=/app/target/debug/deps --extern indexmap=/app/target/debug/deps/libindexmap-04934dd36b7fed94.rmeta --extern itertools=/app/target/debug/deps/libitertools-d9cdda57bea11209.rmeta --extern ndarray=/app/target/debug/deps/libndarray-228bfd5080b76e56.rmeta --extern noisy_float=/app/target/debug/deps/libnoisy_float-124104a94e70ddbe.rmeta --extern num_integer=/app/target/debug/deps/libnum_integer-864ddffdd73bcc9c.rmeta --extern num_traits=/app/target/debug/deps/libnum_traits-df0c8d35adde94d3.rmeta --extern rand=/app/target/debug/deps/librand-de1e06a5ae0653c2.rmeta --cap-lints allow`
   Compiling burn-common v0.18.0
     Running `/home/jules/.rustup/toolchains/stable-x86_64-unknown-linux-gnu/bin/rustc --crate-name burn_common --edition=2024 /home/jules/.cargo/registry/src/index.crates.io-1949cf8c6b5b557f/burn-common-0.18.0/src/lib.rs --error-format=json --json=diagnostic-rendered-ansi,artifacts,future-incompat --crate-type lib --emit=dep-info,metadata,link -C embed-bitcode=no -C debuginfo=2 --cfg 'feature="default"' --cfg 'feature="rayon"' --cfg 'feature="std"' --check-cfg 'cfg(docsrs,test)' --check-cfg 'cfg(feature, values("default", "doc", "network", "rayon", "std"))' -C metadata=5a5459e813f99004 -C extra-filename=-8fd896f29dc1c173 --out-dir /app/target/debug/deps -L dependency=/app/target/debug/deps --extern cubecl_common=/app/target/debug/deps/libcubecl_common-f8f7daada654122a.rmeta --extern rayon=/app/target/debug/deps/librayon-6a24acf7b1db20d3.rmeta --extern serde=/app/target/debug/deps/libserde-d620dfc84e870eae.rmeta --cap-lints allow`
   Compiling burn-tensor v0.18.0
     Running `/home/jules/.rustup/toolchains/stable-x86_64-unknown-linux-gnu/bin/rustc --crate-name burn_tensor --edition=2024 /home/jules/.cargo/registry/src/index.crates.io-1949cf8c6b5b557f/burn-tensor-0.18.0/src/lib.rs --error-format=json --json=diagnostic-rendered-ansi,artifacts,future-incompat --crate-type lib --emit=dep-info,metadata,link -C embed-bitcode=no -C debuginfo=2 --cfg 'feature="colored"' --cfg 'feature="default"' --cfg 'feature="std"' --check-cfg 'cfg(docsrs,test)' --check-cfg 'cfg(feature, values("burn-tensor-testgen", "colored", "cubecl", "cubecl-cuda", "cubecl-hip", "cubecl-wgpu", "default", "doc", "experimental-named-tensor", "export_tests", "std"))' -C metadata=656980f54f11f2b6 -C extra-filename=-611d1c837b180ac2 --out-dir /app/target/debug/deps -L dependency=/app/target/debug/deps --extern burn_common=/app/target/debug/deps/libburn_common-8fd896f29dc1c173.rmeta --extern bytemuck=/app/target/debug/deps/libbytemuck-614bd17161570713.rmeta --extern colored=/app/target/debug/deps/libcolored-5702ce26b5584af8.rmeta --extern derive_new=/app/target/debug/deps/libderive_new-2253be90c9004808.so --extern half=/app/target/debug/deps/libhalf-0a9f04ad29d1861c.rmeta --extern hashbrown=/app/target/debug/deps/libhashbrown-15cf1fb8d1b2b6d1.rmeta --extern num_traits=/app/target/debug/deps/libnum_traits-df0c8d35adde94d3.rmeta --extern rand=/app/target/debug/deps/librand-4e388308980014eb.rmeta --extern rand_distr=/app/target/debug/deps/librand_distr-6c665ec5e8ac243c.rmeta --extern serde=/app/target/debug/deps/libserde-d620dfc84e870eae.rmeta --extern serde_bytes=/app/target/debug/deps/libserde_bytes-7e32b1502d6e550e.rmeta --cap-lints allow`
     Running `/app/target/debug/build/reagle-d7849ecc6bca2438/build-script-build`
   Compiling burn-ir v0.18.0
   Compiling burn-autodiff v0.18.0
     Running `/home/jules/.rustup/toolchains/stable-x86_64-unknown-linux-gnu/bin/rustc --crate-name burn_ir --edition=2024 /home/jules/.cargo/registry/src/index.crates.io-1949cf8c6b5b557f/burn-ir-0.18.0/src/lib.rs --error-format=json --json=diagnostic-rendered-ansi,artifacts,future-incompat --crate-type lib --emit=dep-info,metadata,link -C embed-bitcode=no -C debuginfo=2 --cfg 'feature="std"' --check-cfg 'cfg(docsrs,test)' --check-cfg 'cfg(feature, values("default", "doc", "std"))' -C metadata=62fcd13645b5786b -C extra-filename=-6c880ce083e398ae --out-dir /app/target/debug/deps -L dependency=/app/target/debug/deps --extern burn_tensor=/app/target/debug/deps/libburn_tensor-611d1c837b180ac2.rmeta --extern hashbrown=/app/target/debug/deps/libhashbrown-15cf1fb8d1b2b6d1.rmeta --extern serde=/app/target/debug/deps/libserde-d620dfc84e870eae.rmeta --cap-lints allow`
     Running `/home/jules/.rustup/toolchains/stable-x86_64-unknown-linux-gnu/bin/rustc --crate-name burn_autodiff --edition=2024 /home/jules/.cargo/registry/src/index.crates.io-1949cf8c6b5b557f/burn-autodiff-0.18.0/src/lib.rs --error-format=json --json=diagnostic-rendered-ansi,artifacts,future-incompat --crate-type lib --emit=dep-info,metadata,link -C embed-bitcode=no -C debuginfo=2 --cfg 'feature="default"' --cfg 'feature="std"' --check-cfg 'cfg(docsrs,test)' --check-cfg 'cfg(feature, values("async", "burn-tensor-testgen", "default", "export_tests", "std"))' -C metadata=b9c456627f13baf6 -C extra-filename=-3d50f1f02fa9eb69 --out-dir /app/target/debug/deps -L dependency=/app/target/debug/deps --extern burn_common=/app/target/debug/deps/libburn_common-8fd896f29dc1c173.rmeta --extern burn_tensor=/app/target/debug/deps/libburn_tensor-611d1c837b180ac2.rmeta --extern derive_new=/app/target/debug/deps/libderive_new-2253be90c9004808.so --extern hashbrown=/app/target/debug/deps/libhashbrown-15cf1fb8d1b2b6d1.rmeta --extern log=/app/target/debug/deps/liblog-ecaeffddd70d5566.rmeta --extern num_traits=/app/target/debug/deps/libnum_traits-df0c8d35adde94d3.rmeta --extern portable_atomic=/app/target/debug/deps/libportable_atomic-ef4b3c447334749c.rmeta --extern spin=/app/target/debug/deps/libspin-89a9eadcd4532f58.rmeta --cap-lints allow`
   Compiling burn-core v0.18.0
     Running `/home/jules/.rustup/toolchains/stable-x86_64-unknown-linux-gnu/bin/rustc --crate-name burn_core --edition=2024 /home/jules/.cargo/registry/src/index.crates.io-1949cf8c6b5b557f/burn-core-0.18.0/src/lib.rs --error-format=json --json=diagnostic-rendered-ansi,artifacts,future-incompat --crate-type lib --emit=dep-info,metadata,link -C embed-bitcode=no -C debuginfo=2 --cfg 'feature="default"' --cfg 'feature="flate2"' --cfg 'feature="log"' --cfg 'feature="rmp-serde"' --cfg 'feature="std"' --check-cfg 'cfg(docsrs,test)' --check-cfg 'cfg(feature, values("audio", "burn-cuda", "burn-dataset", "burn-fusion", "burn-remote", "burn-rocm", "burn-router", "burn-tch", "burn-wgpu", "dataset", "default", "doc", "experimental-named-tensor", "flate2", "log", "network", "record-item-custom-serde", "regex", "rmp-serde", "sqlite", "sqlite-bundled", "std", "test-cuda", "test-memory-checks", "test-metal", "test-rocm", "test-tch", "test-vulkan", "test-wgpu", "thiserror", "vision"))' -C metadata=318a9763886287d9 -C extra-filename=-dba8c5961f17ba14 --out-dir /app/target/debug/deps -L dependency=/app/target/debug/deps --extern ahash=/app/target/debug/deps/libahash-4ce4b071789d2173.rmeta --extern bincode=/app/target/debug/deps/libbincode-73322cd0daf45425.rmeta --extern burn_common=/app/target/debug/deps/libburn_common-8fd896f29dc1c173.rmeta --extern burn_derive=/app/target/debug/deps/libburn_derive-0249a265bb394031.so --extern burn_tensor=/app/target/debug/deps/libburn_tensor-611d1c837b180ac2.rmeta --extern data_encoding=/app/target/debug/deps/libdata_encoding-b72c2bf9eb174fea.rmeta --extern derive_new=/app/target/debug/deps/libderive_new-2253be90c9004808.so --extern flate2=/app/target/debug/deps/libflate2-1d74c449a419f46b.rmeta --extern half=/app/target/debug/deps/libhalf-0a9f04ad29d1861c.rmeta --extern hashbrown=/app/target/debug/deps/libhashbrown-15cf1fb8d1b2b6d1.rmeta --extern log=/app/target/debug/deps/liblog-ecaeffddd70d5566.rmeta --extern num_traits=/app/target/debug/deps/libnum_traits-df0c8d35adde94d3.rmeta --extern rand=/app/target/debug/deps/librand-4e388308980014eb.rmeta --extern rmp_serde=/app/target/debug/deps/librmp_serde-c53a371cd08c74e5.rmeta --extern serde=/app/target/debug/deps/libserde-d620dfc84e870eae.rmeta --extern serde_json=/app/target/debug/deps/libserde_json-2f81bcd95df8b85a.rmeta --extern spin=/app/target/debug/deps/libspin-89a9eadcd4532f58.rmeta --extern uuid=/app/target/debug/deps/libuuid-62f56c577e3eec39.rmeta --cap-lints allow`
   Compiling burn-ndarray v0.18.0
     Running `/home/jules/.rustup/toolchains/stable-x86_64-unknown-linux-gnu/bin/rustc --crate-name burn_ndarray --edition=2024 /home/jules/.cargo/registry/src/index.crates.io-1949cf8c6b5b557f/burn-ndarray-0.18.0/src/lib.rs --error-format=json --json=diagnostic-rendered-ansi,artifacts,future-incompat --crate-type lib --emit=dep-info,metadata,link -C embed-bitcode=no -C debuginfo=2 --cfg 'feature="burn-autodiff"' --cfg 'feature="bytemuck"' --cfg 'feature="default"' --cfg 'feature="itertools"' --cfg 'feature="macerator"' --cfg 'feature="seq-macro"' --cfg 'feature="simd"' --cfg 'feature="std"' --check-cfg 'cfg(docsrs,test)' --check-cfg 'cfg(feature, values("blas-accelerate", "blas-netlib", "blas-openblas", "blas-openblas-system", "blas-src", "burn-autodiff", "bytemuck", "default", "doc", "itertools", "macerator", "openblas-src", "seq-macro", "simd", "std"))' -C metadata=25c331acb9ce0be7 -C extra-filename=-7d1e937dcc963d30 --out-dir /app/target/debug/deps -L dependency=/app/target/debug/deps --extern atomic_float=/app/target/debug/deps/libatomic_float-fa723c3567a5a05c.rmeta --extern burn_autodiff=/app/target/debug/deps/libburn_autodiff-3d50f1f02fa9eb69.rmeta --extern burn_common=/app/target/debug/deps/libburn_common-8fd896f29dc1c173.rmeta --extern burn_ir=/app/target/debug/deps/libburn_ir-6c880ce083e398ae.rmeta --extern burn_tensor=/app/target/debug/deps/libburn_tensor-611d1c837b180ac2.rmeta --extern bytemuck=/app/target/debug/deps/libbytemuck-614bd17161570713.rmeta --extern derive_new=/app/target/debug/deps/libderive_new-2253be90c9004808.so --extern itertools=/app/target/debug/deps/libitertools-7ca3de162fa9b270.rmeta --extern libm=/app/target/debug/deps/liblibm-939f72f2e7f711a8.rmeta --extern macerator=/app/target/debug/deps/libmacerator-8f8939b49bbca828.rmeta --extern matrixmultiply=/app/target/debug/deps/libmatrixmultiply-7c813afa39c525b6.rmeta --extern ndarray=/app/target/debug/deps/libndarray-228bfd5080b76e56.rmeta --extern num_traits=/app/target/debug/deps/libnum_traits-df0c8d35adde94d3.rmeta --extern paste=/app/target/debug/deps/libpaste-0792eb613c66baa1.so --extern rand=/app/target/debug/deps/librand-4e388308980014eb.rmeta --extern seq_macro=/app/target/debug/deps/libseq_macro-4b3d85485dec4d2b.so --extern spin=/app/target/debug/deps/libspin-89a9eadcd4532f58.rmeta --cap-lints allow`
   Compiling burn v0.18.0
     Running `/home/jules/.rustup/toolchains/stable-x86_64-unknown-linux-gnu/bin/rustc --crate-name burn --edition=2024 /home/jules/.cargo/registry/src/index.crates.io-1949cf8c6b5b557f/burn-0.18.0/src/lib.rs --error-format=json --json=diagnostic-rendered-ansi,artifacts,future-incompat --crate-type lib --emit=dep-info,metadata,link -C embed-bitcode=no -C debuginfo=2 --cfg 'feature="autodiff"' --cfg 'feature="burn-autodiff"' --cfg 'feature="burn-ndarray"' --cfg 'feature="default"' --cfg 'feature="ndarray"' --cfg 'feature="std"' --check-cfg 'cfg(docsrs,test)' --check-cfg 'cfg(feature, values("accelerate", "audio", "autodiff", "autotune", "autotune-checks", "blas-netlib", "burn-autodiff", "burn-candle", "burn-cuda", "burn-ir", "burn-ndarray", "burn-remote", "burn-rocm", "burn-router", "burn-tch", "burn-train", "burn-wgpu", "candle", "candle-cuda", "candle-metal", "compilation-cache", "cuda", "dataset", "default", "doc", "experimental-named-tensor", "fusion", "ir", "metal", "metrics", "ndarray", "network", "openblas", "openblas-system", "record-item-custom-serde", "remote", "rocm", "router", "server", "simd", "sqlite", "sqlite-bundled", "std", "tch", "template", "train", "tui", "vision", "vulkan", "webgpu", "wgpu"))' -C metadata=bc5b411ca05a335c -C extra-filename=-0470f14332507ef4 --out-dir /app/target/debug/deps -L dependency=/app/target/debug/deps --extern burn_autodiff=/app/target/debug/deps/libburn_autodiff-3d50f1f02fa9eb69.rmeta --extern burn_core=/app/target/debug/deps/libburn_core-dba8c5961f17ba14.rmeta --extern burn_ndarray=/app/target/debug/deps/libburn_ndarray-7d1e937dcc963d30.rmeta --cap-lints allow`
   Compiling mini-mcmc v0.8.0 (https://github.com/SauersML/general-mcmc#2469d9dd)
     Running `/home/jules/.rustup/toolchains/stable-x86_64-unknown-linux-gnu/bin/rustc --crate-name mini_mcmc --edition=2021 /home/jules/.cargo/git/checkouts/general-mcmc-d44738ffb3c2a7d8/2469d9d/src/lib.rs --error-format=json --json=diagnostic-rendered-ansi,artifacts,future-incompat --crate-type lib --emit=dep-info,metadata,link -C embed-bitcode=no -C debuginfo=2 --cfg 'feature="burn"' --cfg 'feature="default"' --check-cfg 'cfg(docsrs,test)' --check-cfg 'cfg(feature, values("arrow", "burn", "csv", "default", "no_burn", "parquet", "wgpu"))' -C metadata=76f0b3acca189b2e -C extra-filename=-a2461b98334e98b1 --out-dir /app/target/debug/deps -L dependency=/app/target/debug/deps --extern burn=/app/target/debug/deps/libburn-0470f14332507ef4.rmeta --extern indicatif=/app/target/debug/deps/libindicatif-c1e773a1100cda7b.rmeta --extern ndarray=/app/target/debug/deps/libndarray-8311584a39c22c80.rmeta --extern ndarray_stats=/app/target/debug/deps/libndarray_stats-ad3b637166b8e204.rmeta --extern num_traits=/app/target/debug/deps/libnum_traits-df0c8d35adde94d3.rmeta --extern rand=/app/target/debug/deps/librand-4e388308980014eb.rmeta --extern rand_distr=/app/target/debug/deps/librand_distr-6c665ec5e8ac243c.rmeta --extern rayon=/app/target/debug/deps/librayon-6a24acf7b1db20d3.rmeta --extern rustfft=/app/target/debug/deps/librustfft-db7c077025f58301.rmeta --cap-lints allow`
     Running `/home/jules/.rustup/toolchains/stable-x86_64-unknown-linux-gnu/bin/rustc --crate-name reagle --edition=2024 src/lib.rs --error-format=json --json=diagnostic-rendered-ansi,artifacts,future-incompat --crate-type lib --emit=dep-info,metadata,link -C embed-bitcode=no -C debuginfo=2 --deny=warnings --check-cfg 'cfg(docsrs,test)' --check-cfg 'cfg(feature, values())' -C metadata=8e67dda887985647 -C extra-filename=-9f3a407a9c097217 --out-dir /app/target/debug/deps -C incremental=/app/target/debug/incremental -L dependency=/app/target/debug/deps --extern aligned_vec=/app/target/debug/deps/libaligned_vec-2558b9457cf1b610.rmeta --extern anyhow=/app/target/debug/deps/libanyhow-9434f088452f6ecd.rmeta --extern bitvec=/app/target/debug/deps/libbitvec-5b63f54a1d6f7e93.rmeta --extern bytemuck=/app/target/debug/deps/libbytemuck-614bd17161570713.rmeta --extern clap=/app/target/debug/deps/libclap-e395c84a64383829.rmeta --extern env_logger=/app/target/debug/deps/libenv_logger-49be1017b8115d9c.rmeta --extern flate2=/app/target/debug/deps/libflate2-1d74c449a419f46b.rmeta --extern itoa=/app/target/debug/deps/libitoa-69ad6a5eb2b36a0a.rmeta --extern log=/app/target/debug/deps/liblog-ecaeffddd70d5566.rmeta --extern memmap2=/app/target/debug/deps/libmemmap2-574ae690c937a0ef.rmeta --extern mini_mcmc=/app/target/debug/deps/libmini_mcmc-a2461b98334e98b1.rmeta --extern noodles=/app/target/debug/deps/libnoodles-4ce6fa6125cc2068.rmeta --extern rand=/app/target/debug/deps/librand-4e388308980014eb.rmeta --extern rayon=/app/target/debug/deps/librayon-6a24acf7b1db20d3.rmeta --extern ryu=/app/target/debug/deps/libryu-76eb9e1baf7388b3.rmeta --extern serde=/app/target/debug/deps/libserde-d620dfc84e870eae.rmeta --extern serde_json=/app/target/debug/deps/libserde_json-2f81bcd95df8b85a.rmeta --extern thiserror=/app/target/debug/deps/libthiserror-19f131dac0221f3a.rmeta --extern thread_local=/app/target/debug/deps/libthread_local-cd8d55b3aa0ebf61.rmeta --extern tracing=/app/target/debug/deps/libtracing-2aa0dfd2e3f9a87a.rmeta --extern tracing_subscriber=/app/target/debug/deps/libtracing_subscriber-963c662413170f1a.rmeta --extern tracing_tree=/app/target/debug/deps/libtracing_tree-baaeb112413ed41f.rmeta --extern wide=/app/target/debug/deps/libwide-ec1d5bd72f4d4010.rmeta -C link-arg=-Wl,--no-keep-memory --cfg gnomon_low_memory_serial_build`
     Running `/home/jules/.rustup/toolchains/stable-x86_64-unknown-linux-gnu/bin/rustc --crate-name reagle --edition=2024 src/main.rs --error-format=json --json=diagnostic-rendered-ansi,artifacts,future-incompat --crate-type bin --emit=dep-info,link -C embed-bitcode=no -C debuginfo=2 --deny=warnings --check-cfg 'cfg(docsrs,test)' --check-cfg 'cfg(feature, values())' -C metadata=f1fb2d4aa463c7cf -C extra-filename=-8e59c46d959e0628 --out-dir /app/target/debug/deps -C incremental=/app/target/debug/incremental -L dependency=/app/target/debug/deps --extern aligned_vec=/app/target/debug/deps/libaligned_vec-2558b9457cf1b610.rlib --extern anyhow=/app/target/debug/deps/libanyhow-9434f088452f6ecd.rlib --extern bitvec=/app/target/debug/deps/libbitvec-5b63f54a1d6f7e93.rlib --extern bytemuck=/app/target/debug/deps/libbytemuck-614bd17161570713.rlib --extern clap=/app/target/debug/deps/libclap-e395c84a64383829.rlib --extern env_logger=/app/target/debug/deps/libenv_logger-49be1017b8115d9c.rlib --extern flate2=/app/target/debug/deps/libflate2-1d74c449a419f46b.rlib --extern itoa=/app/target/debug/deps/libitoa-69ad6a5eb2b36a0a.rlib --extern log=/app/target/debug/deps/liblog-ecaeffddd70d5566.rlib --extern memmap2=/app/target/debug/deps/libmemmap2-574ae690c937a0ef.rlib --extern mini_mcmc=/app/target/debug/deps/libmini_mcmc-a2461b98334e98b1.rlib --extern noodles=/app/target/debug/deps/libnoodles-4ce6fa6125cc2068.rlib --extern rand=/app/target/debug/deps/librand-4e388308980014eb.rlib --extern rayon=/app/target/debug/deps/librayon-6a24acf7b1db20d3.rlib --extern reagle=/app/target/debug/deps/libreagle-9f3a407a9c097217.rlib --extern ryu=/app/target/debug/deps/libryu-76eb9e1baf7388b3.rlib --extern serde=/app/target/debug/deps/libserde-d620dfc84e870eae.rlib --extern serde_json=/app/target/debug/deps/libserde_json-2f81bcd95df8b85a.rlib --extern thiserror=/app/target/debug/deps/libthiserror-19f131dac0221f3a.rlib --extern thread_local=/app/target/debug/deps/libthread_local-cd8d55b3aa0ebf61.rlib --extern tracing=/app/target/debug/deps/libtracing-2aa0dfd2e3f9a87a.rlib --extern tracing_subscriber=/app/target/debug/deps/libtracing_subscriber-963c662413170f1a.rlib --extern tracing_tree=/app/target/debug/deps/libtracing_tree-baaeb112413ed41f.rlib --extern wide=/app/target/debug/deps/libwide-ec1d5bd72f4d4010.rlib -C link-arg=-Wl,--no-keep-memory --cfg gnomon_low_memory_serial_build`
    Finished `dev` profile [unoptimized + debuginfo] target(s) in 33.07s
