   Compiling cfg-if v1.0.4
   Compiling memchr v2.7.6
   Compiling libc v0.2.180
   Compiling libm v0.2.15
   Compiling crossbeam-utils v0.8.21
   Compiling zerocopy v0.8.33
   Compiling serde_core v1.0.228
   Compiling num-traits v0.2.19
   Compiling equivalent v1.0.2
   Compiling once_cell v1.21.3
   Compiling crossbeam-epoch v0.9.18
   Compiling log v0.4.29
   Compiling either v1.15.0
   Compiling bytemuck v1.24.0
   Compiling crossbeam-deque v0.8.6
   Compiling getrandom v0.3.4
   Compiling crossbeam-channel v0.5.15
   Compiling ppv-lite86 v0.2.21
   Compiling pin-project-lite v0.2.16
   Compiling rand_core v0.9.5
   Compiling rayon-core v1.13.0
   Compiling rand_chacha v0.9.0
   Compiling portable-atomic v1.13.0
   Compiling serde v1.0.228
   Compiling rayon v1.11.0
   Compiling scopeguard v1.2.0
   Compiling lock_api v0.4.14
   Compiling rand v0.9.2
   Compiling aho-corasick v1.1.4
   Compiling half v2.7.1
   Compiling strsim v0.11.1
   Compiling adler2 v2.0.1
   Compiling allocator-api2 v0.2.21
   Compiling foldhash v0.1.5
   Compiling futures-core v0.3.31
   Compiling parking v2.2.1
   Compiling futures-io v0.3.31
   Compiling simd-adler32 v0.3.8
   Compiling fastrand v2.3.0
   Compiling futures-lite v2.6.1
   Compiling miniz_oxide v0.8.9
   Compiling hashbrown v0.15.5
   Compiling regex-automata v0.4.13
   Compiling spin v0.10.0
   Compiling crc32fast v1.5.0
   Compiling derive_more v2.1.1
   Compiling zmij v1.0.15
   Compiling num-integer v0.1.46
   Compiling zlib-rs v0.5.5
   Compiling itoa v1.0.17
   Compiling web-time v1.1.0
   Compiling embassy-futures v0.1.2
   Compiling darling_core v0.20.11
   Compiling cubecl-common v0.6.0
   Compiling burn-common v0.18.0
   Compiling rand_distr v0.5.1
   Compiling serde_bytes v0.11.19
   Compiling thread-tree v0.3.3
   Compiling num-complex v0.4.6
   Compiling bstr v1.12.1
   Compiling num_cpus v1.17.0
   Compiling colored v3.1.1
   Compiling flate2 v1.1.8
   Compiling rawpointer v0.2.1
   Compiling hashbrown v0.16.1
   Compiling regex-syntax v0.8.8
   Compiling matrixmultiply v0.3.10
   Compiling indexmap v2.13.0
   Compiling burn-tensor v0.18.0
   Compiling darling_macro v0.20.11
   Compiling grep-matcher v0.1.8
   Compiling encoding_rs v0.8.35
   Compiling darling v0.20.11
   Compiling memmap2 v0.9.9
   Compiling getrandom v0.2.17
   Compiling encoding_rs_io v0.1.7
   Compiling bytes v1.11.0
   Compiling utf8parse v0.2.2
   Compiling anstyle-parse v0.2.7
   Compiling noodles-core v0.18.0
   Compiling noodles-bgzf v0.45.0
   Compiling grep-searcher v0.1.16
   Compiling rand_core v0.6.4
   Compiling macerator-macros v0.1.3
   Compiling serde_json v1.0.149
   Compiling ndarray v0.16.1
   Compiling globset v0.4.18
   Compiling rmp v0.8.15
   Compiling tracing-core v0.1.36
   Compiling bit-vec v0.8.0
   Compiling anstyle-query v1.1.5
   Compiling is_terminal_polyfill v1.70.2
   Compiling colorchoice v1.0.4
   Compiling unty v0.0.4
   Compiling anstyle v1.0.13
   Compiling moddef v0.3.0
   Compiling bincode v2.0.1
   Compiling macerator v0.2.9
   Compiling anstream v0.6.21
   Compiling noodles-csi v0.53.0
   Compiling rmp-serde v1.3.1
   Compiling grep-printer v0.3.1
   Compiling grep-cli v0.1.12
   Compiling ahash v0.8.12
   Compiling rand_chacha v0.3.1
   Compiling burn-autodiff v0.18.0
   Compiling burn-ir v0.18.0
   Compiling grep-regex v0.1.14
   Compiling itertools v0.14.0
   Compiling uuid v1.19.0
   Compiling unicode-width v0.2.0
   Compiling data-encoding v2.10.0
   Compiling atomic_float v1.1.0
   Compiling strength_reduce v0.2.4
   Compiling lazy_static v1.5.0
   Compiling sharded-slab v0.1.7
   Compiling burn-core v0.18.0
   Compiling burn-ndarray v0.18.0
   Compiling transpose v0.2.3
   Compiling console v0.16.2
   Compiling tracing v0.1.44
   Compiling grep v0.4.1
   Compiling rand v0.8.5
   Compiling noodles-tabix v0.59.0
   Compiling tracing-log v0.2.0
   Compiling matchers v0.2.0
   Compiling regex v1.12.2
   Compiling primal-check v0.3.4
   Compiling itertools v0.13.0
   Compiling noisy_float v0.2.1
   Compiling thread_local v1.1.9
   Compiling nu-ansi-term v0.50.3
   Compiling clap_lex v0.7.7
   Compiling percent-encoding v2.3.2
   Compiling smallvec v1.15.1
   Compiling tap v1.0.1
   Compiling unit-prefix v0.5.2
   Compiling wyz v0.5.1
   Compiling tracing-subscriber v0.3.22
   Compiling indicatif v0.18.3
   Compiling clap_builder v4.5.54
   Compiling noodles-vcf v0.83.0
   Compiling ndarray-stats v0.6.0
   Compiling burn v0.18.0
   Compiling equator v0.4.2
   Compiling env_filter v0.1.4
   Compiling rustfft v6.4.1
   Compiling reagle v0.1.0 (/app)
   Compiling radium v0.7.0
   Compiling ndarray v0.17.2
   Compiling safe_arch v1.0.0
   Compiling jiff v0.2.18
   Compiling funty v2.0.0
   Compiling bitvec v1.0.1
   Compiling mini-mcmc v0.8.0 (https://github.com/SauersML/general-mcmc#2469d9dd)
   Compiling env_logger v0.11.8
   Compiling thiserror v2.0.18
   Compiling wide v1.1.1
   Compiling aligned-vec v0.6.4
   Compiling noodles v0.104.0
   Compiling clap v4.5.54
   Compiling tracing-tree v0.4.1
   Compiling anyhow v1.0.100
   Compiling ryu v1.0.22
    Finished `dev` profile [unoptimized + debuginfo] target(s) in 56.39s
