    Checking cfg-if v1.0.4
    Checking libc v0.2.180
    Checking libm v0.2.15
    Checking crossbeam-utils v0.8.21
    Checking zerocopy v0.8.33
    Checking serde_core v1.0.228
    Checking num-traits v0.2.19
    Checking memchr v2.7.6
    Checking once_cell v1.21.3
    Checking bytemuck v1.24.0
    Checking pin-project-lite v0.2.16
    Checking equivalent v1.0.2
    Checking either v1.15.0
    Checking crossbeam-epoch v0.9.18
    Checking ppv-lite86 v0.2.21
    Checking log v0.4.29
    Checking crossbeam-deque v0.8.6
    Checking getrandom v0.3.4
    Checking rayon-core v1.13.0
    Checking crossbeam-channel v0.5.15
    Checking scopeguard v1.2.0
    Checking serde v1.0.228
    Checking futures-core v0.3.31
    Checking lock_api v0.4.14
    Checking rayon v1.11.0
    Checking rand_core v0.9.5
    Checking rand_chacha v0.9.0
    Checking portable-atomic v1.13.0
    Checking half v2.7.1
    Checking fastrand v2.3.0
    Checking rand v0.9.2
   Compiling aho-corasick v1.1.4
    Checking simd-adler32 v0.3.8
    Checking allocator-api2 v0.2.21
    Checking parking v2.2.1
    Checking adler2 v2.0.1
    Checking foldhash v0.1.5
    Checking futures-io v0.3.31
    Checking futures-lite v2.6.1
    Checking hashbrown v0.15.5
   Compiling regex-automata v0.4.13
    Checking miniz_oxide v0.8.9
    Checking spin v0.10.0
    Checking derive_more v2.1.1
    Checking crc32fast v1.5.0
    Checking num-integer v0.1.46
    Checking web-time v1.1.0
    Checking embassy-futures v0.1.2
    Checking zlib-rs v0.5.5
    Checking cubecl-common v0.6.0
    Checking regex-syntax v0.8.8
    Checking flate2 v1.1.8
   Compiling strsim v0.11.1
    Checking burn-common v0.18.0
   Compiling darling_core v0.20.11
    Checking rand_distr v0.5.1
    Checking thread-tree v0.3.3
    Checking serde_bytes v0.11.19
    Checking num-complex v0.4.6
   Compiling bstr v1.12.1
    Checking num_cpus v1.17.0
    Checking hashbrown v0.16.1
    Checking rawpointer v0.2.1
    Checking colored v3.1.1
   Compiling encoding_rs v0.8.35
    Checking burn-tensor v0.18.0
    Checking matrixmultiply v0.3.10
    Checking indexmap v2.13.0
   Compiling darling_macro v0.20.11
   Compiling grep-matcher v0.1.8
    Checking zmij v1.0.16
    Checking utf8parse v0.2.2
    Checking itoa v1.0.17
    Checking anstyle-parse v0.2.7
    Checking serde_json v1.0.149
   Compiling darling v0.20.11
   Compiling encoding_rs_io v0.1.7
   Compiling memmap2 v0.9.9
    Checking getrandom v0.2.17
    Checking anstyle-query v1.1.5
    Checking anstyle v1.0.13
    Checking smallvec v1.15.1
    Checking colorchoice v1.0.4
    Checking bytes v1.11.0
    Checking is_terminal_polyfill v1.70.2
    Checking anstream v0.6.21
    Checking noodles-core v0.18.0
    Checking rand_core v0.6.4
   Compiling grep-searcher v0.1.16
   Compiling macerator-macros v0.1.3
    Checking noodles-bgzf v0.45.0
    Checking ndarray v0.16.1
   Compiling globset v0.4.18
    Checking itertools v0.13.0
    Checking tracing-core v0.1.36
    Checking rmp v0.8.15
    Checking moddef v0.3.0
    Checking bit-vec v0.8.0
    Checking unty v0.0.4
    Checking bincode v2.0.1
    Checking noodles-csi v0.53.0
    Checking rmp-serde v1.3.1
    Checking macerator v0.2.9
   Compiling grep-cli v0.1.12
   Compiling grep-printer v0.3.1
    Checking ahash v0.8.12
    Checking rand_chacha v0.3.1
    Checking burn-autodiff v0.18.0
    Checking burn-ir v0.18.0
   Compiling grep-regex v0.1.14
    Checking regex v1.12.2
    Checking itertools v0.14.0
    Checking atomic_float v1.1.0
    Checking data-encoding v2.10.0
    Checking clap_lex v0.7.7
    Checking strength_reduce v0.2.4
    Checking lazy_static v1.5.0
    Checking uuid v1.19.0
    Checking unicode-width v0.2.0
    Checking burn-core v0.18.0
    Checking console v0.16.2
    Checking clap_builder v4.5.54
    Checking sharded-slab v0.1.7
    Checking burn-ndarray v0.18.0
    Checking transpose v0.2.3
    Checking tracing v0.1.44
   Compiling grep v0.4.1
    Checking rand v0.8.5
    Checking noodles-tabix v0.59.0
    Checking tracing-log v0.2.0
    Checking matchers v0.2.0
    Checking primal-check v0.3.4
    Checking noisy_float v0.2.1
    Checking thread_local v1.1.9
    Checking percent-encoding v2.3.2
    Checking nu-ansi-term v0.50.3
    Checking tap v1.0.1
    Checking unit-prefix v0.5.2
    Checking wyz v0.5.1
    Checking indicatif v0.18.3
    Checking tracing-subscriber v0.3.22
    Checking noodles-vcf v0.83.0
    Checking ndarray-stats v0.6.0
    Checking equator v0.4.2
    Checking rustfft v6.4.1
    Checking clap v4.5.54
   Compiling reagle v0.1.0 (/app)
    Checking radium v0.7.0
    Checking env_filter v0.1.4
    Checking ndarray v0.17.2
    Checking safe_arch v1.0.0
    Checking burn v0.18.0
    Checking jiff v0.2.18
    Checking funty v2.0.0
    Checking slab v0.4.11
    Checking ciborium-io v0.2.2
    Checking futures-task v0.3.31
    Checking plotters-backend v0.3.7
    Checking pin-utils v0.1.0
    Checking futures-util v0.3.31
    Checking plotters-svg v0.3.7
    Checking ciborium-ll v0.2.2
    Checking bitvec v1.0.1
    Checking mini-mcmc v0.8.0 (https://github.com/SauersML/general-mcmc#2469d9dd)
    Checking wide v1.1.1
    Checking thiserror v2.0.18
    Checking env_logger v0.11.8
    Checking noodles v0.104.0
    Checking tracing-tree v0.4.1
    Checking aligned-vec v0.6.4
    Checking parking_lot_core v0.9.12
    Checking anyhow v1.0.100
    Checking linux-raw-sys v0.11.0
    Checking bitflags v2.10.0
    Checking cast v0.3.0
    Checking sdd v3.0.10
    Checking same-file v1.0.6
    Checking ryu v1.0.22
    Checking scc v2.4.0
    Checking walkdir v2.5.0
    Checking rustix v1.1.3
    Checking criterion-plot v0.8.1
    Checking parking_lot v0.12.5
    Checking alloca v0.4.0
    Checking futures-executor v0.3.31
    Checking ciborium v0.2.2
    Checking plotters v0.3.7
    Checking tinytemplate v1.2.1
    Checking page_size v0.6.0
    Checking anes v0.1.6
    Checking oorandom v11.1.5
    Checking serial_test v3.3.1
    Checking tempfile v3.24.0
    Checking criterion v0.8.1
    Finished `dev` profile [unoptimized + debuginfo] target(s) in 35.30s
