   Compiling reagle v0.1.0 (/app)
    Finished `test` profile [unoptimized + debuginfo] target(s) in 10.08s
     Running tests/beagle_reference.rs (target/debug/deps/beagle_reference-bf15c1affa8f30af)

running 1 test
test test_genotyped_dosage_correlation_with_truth ... FAILED

failures:

---- test_genotyped_dosage_correlation_with_truth stdout ----

======================================================================
=== Genotyped Marker Dosage vs Truth Test: BEAGLE ===
======================================================================
Streaming imputation: 362 ref haplotypes, 10 target samples (target_bytes=65565)
Writing output to "/tmp/.tmpeCcliz/rust_out.vcf.gz"
Phase 2: Streaming imputation...
Phase 1: Streaming phasing of target data...
  Phasing Window 1 (135 markers, pos 20000086..20099941)
    (First reference window)
    (Last reference window)
    Ref markers: 1356 (global 0..1356)

[ALIGNMENT DIAGNOSTICS] Window 1
  Direct Exact Matches: 135
  Swapped (Ref/Alt):    0
  Strand Flipped:       0
  Both:                 0
  Partial/Mismatching:  0
  Imputing Window 1 (135 markers, ref global 0..1356, output 0..1356)
Streaming imputation complete: 1356 markers
[BEAGLE] Genotyped Marker Dosage vs Truth:
  Number of genotyped dosages: 1350
  Dosage correlation with truth: 0.994939
  Mean absolute difference: 0.000939

[BEAGLE] Genotyped dosage correlation test PASSED!

======================================================================
=== Genotyped Marker Dosage vs Truth Test: gnomAD ===
======================================================================
Streaming imputation: 80 ref haplotypes, 10 target samples (target_bytes=5066)
Writing output to "/tmp/.tmppLWOUN/rust_out.vcf.gz"
Phase 2: Streaming imputation...
Phase 1: Streaming phasing of target data...
  Phasing Window 1 (49 markers, pos 16007829..16026501)
    (First reference window)
    (Last reference window)
    Ref markers: 487 (global 0..487)
[ALIGN-WARN] Partial match at pos 16023001: Target=Base(3)/[Base(2)] Ref=Base(3)/[Base(1)]
[ALIGN-WARN] Partial match at pos 16024183: Target=Base(0)/[Base(1)] Ref=Base(0)/[Base(2)]
[ALIGN-WARN] Partial match at pos 16024680: Target=Base(1)/[Base(0)] Ref=Base(1)/[Base(3)]

[ALIGNMENT DIAGNOSTICS] Window 1
  Direct Exact Matches: 46
  Swapped (Ref/Alt):    0
  Strand Flipped:       0
  Both:                 0
  Partial/Mismatching:  3
Streaming imputation complete: 487 markers
[gnomAD] Genotyped Marker Dosage vs Truth:
  Number of genotyped dosages: 520
  Dosage correlation with truth: 0.729409
  Mean absolute difference: 0.013185

thread 'test_genotyped_dosage_correlation_with_truth' (10177) panicked at tests/beagle_reference.rs:2467:5:
[gnomAD] Strict FAIL: Genotyped marker dosage correlation with truth too low: 0.729409 (expected > 0.99)
note: run with `RUST_BACKTRACE=1` environment variable to display a backtrace


failures:
    test_genotyped_dosage_correlation_with_truth

test result: FAILED. 0 passed; 1 failed; 0 ignored; 0 measured; 26 filtered out; finished in 42.69s

error: test failed, to rerun pass `--test beagle_reference`
